Mercenary roster review begins.
Treasury starts at 78.
Starting roster
Ari | role Frontline | tier 0 | morale 8 | wounds 0 | contract 2 | wage 9
Brin | role Engineer | tier 0 | morale 7 | wounds 1 | contract 1 | wage 6
Cora | role Scout | tier 0 | morale 9 | wounds 0 | contract 3 | wage 7
Dax | role Medic | tier 0 | morale 6 | wounds 1 | contract 3 | wage 5
Ely | role Archer | tier 0 | morale 5 | wounds 2 | contract 2 | wage 4
Roster line complete.
Day 1 operations begin.
Payroll and contract processing --
Ari receives wage 9 and morale rises to 9.
Brin receives wage 6 and morale rises to 8.
Brin renews contract on day 1. New term: 2 days.
Cora receives wage 7 and morale rises to 10.
Dax receives wage 5 and morale rises to 7.
Ely receives wage 4 and morale rises to 6.
Payroll cycle complete.
Casualty event pass complete.
Promotion review --
Ari promoted to tier 1.
Brin promoted to tier 1.
Cora promoted to tier 1.
Promotion pass complete.
Readiness calculation complete.
Readiness check for day 1 --
Company readiness: 96
Readiness status: operational.
After day 1
Ari | role Frontline | tier 1 | morale 10 | wounds 0 | contract 1 | wage 11
Brin | role Engineer | tier 1 | morale 10 | wounds 1 | contract 2 | wage 8
Cora | role Scout | tier 1 | morale 11 | wounds 0 | contract 2 | wage 9
Dax | role Medic | tier 0 | morale 7 | wounds 1 | contract 2 | wage 5
Ely | role Archer | tier 0 | morale 6 | wounds 2 | contract 1 | wage 4
Roster line complete.
Day 2 operations begin.
Payroll and contract processing --
Ari receives wage 11 and morale rises to 11.
Ari renews contract on day 2. New term: 2 days.
Brin receives wage 8 and morale rises to 11.
Cora receives wage 9 and morale rises to 12.
Dax cannot be paid today.
Dax morale drops to 5; morale stress wound added.
Ely cannot be paid today.
Ely morale drops to 4; morale stress wound added.
Ely's contract ends without renewal.
Payroll cycle complete.
Casualty event for Brin: Shrapnel from a collapsed support strut.
Brin wounded, morale now 9.
Casualty event for Dax: Blast wound through shoulder rig.
Dax is removed from duty (wounds 11).
Casualty event pass complete.
Promotion review --
Ari promoted to tier 2.
Cora promoted to tier 2.
Promotion pass complete.
Readiness calculation complete.
Readiness check for day 2 --
Company readiness: 72
Readiness status: operational.
After day 2
Ari | role Frontline | tier 2 | morale 13 | wounds 0 | contract 2 | wage 14
Brin | role Engineer | tier 1 | morale 9 | wounds 5 | contract 1 | wage 8
Cora | role Scout | tier 2 | morale 13 | wounds 0 | contract 1 | wage 12
Dax | inactive.
Ely | inactive.
Roster line complete.
Day 3 operations begin.
Payroll and contract processing --
Ari cannot be paid today.
Ari morale drops to 11; morale stress wound added.
Brin cannot be paid today.
Brin morale drops to 7; morale stress wound added.
Brin's contract ends without renewal.
Cora cannot be paid today.
Cora morale drops to 11; morale stress wound added.
Cora's contract ends without renewal.
Dax is unavailable (inactive).
Ely is unavailable (inactive).
Payroll cycle complete.
Casualty event pass complete.
Promotion review --
Promotion pass complete.
Readiness calculation complete.
Readiness check for day 3 --
Company readiness: 25
Readiness status: under readiness watch.
After day 3
Ari | role Frontline | tier 2 | morale 11 | wounds 1 | contract 1 | wage 14
Brin | inactive.
Cora | inactive.
Dax | inactive.
Ely | inactive.
Roster line complete.
Day progression complete.
Campaign summary:
Treasury remaining: 2
Casualties recorded: 1
Payroll shortfalls: 5
Contracts ended without renewal: 3
Promotions awarded: 5
Readiness calculation complete.
Final readiness score: 25
Ari | role Frontline | tier 2 | morale 11 | wounds 1 | contract 1 | wage 14
Brin | inactive.
Cora | inactive.
Dax | inactive.
Ely | inactive.
Roster line complete.
