Rumor credibility check.
Rumor 1: The patrol shifted to the western wall.
Source: Captain Rook (8 bonus)
Captain believes this rumor.
Trader believes this rumor.
Scholar believes this rumor.
Believers: 3, Rejectors: 0.
Source trust in Captain Rook increased.
Rumor 2: The tax was canceled at dawn.
Source: Street Singer (-20 bonus)
Captain ignores this rumor.
Trader ignores this rumor.
Scholar ignores this rumor.
Believers: 0, Rejectors: 3.
Source trust in Street Singer decreased.
Rumor 3: There is a maintenance hatch behind the shrine.
Source: Archivist Venn (10 bonus)
Captain believes this rumor.
Trader believes this rumor.
Scholar believes this rumor.
Believers: 3, Rejectors: 0.
Source trust in Archivist Venn increased.
Rumor 4: A market collapse means war is imminent.
Source: Gossip (-12 bonus)
Captain ignores this rumor.
Trader ignores this rumor.
Scholar ignores this rumor.
Believers: 0, Rejectors: 3.
Source trust in Gossip decreased.
Source credibility update:
Captain Rook: 73 (1 citations)
Street Singer: 31 (1 citations)
Archivist Venn: 85 (1 citations)
Gossip: 23 (1 citations)
