Competing parties prepare their rival quest logs.
Phase 1: Opening March
Starting momentum: player 0, rival 0
Phase result:
Player gains 3 progress.
Rival gains 2 progress.
Net change:
Player resources now 22.
Rival resources now 20.
Resources gained total:
Player 5, Rival 4.
Phase 2: Border Survey
Starting momentum: player 3, rival 2
Phase result:
Player gains 4 progress.
Rival gains 5 progress.
Net change:
Player resources now 22.
Rival resources now 23.
Resources gained total:
Player 8, Rival 9.
Phase 3: Ritual Relay
Starting momentum: player 7, rival 7
Phase result:
Player gains 6 progress.
Rival gains 5 progress.
Net change:
Player resources now 22.
Rival resources now 26.
Resources gained total:
Player 10, Rival 13.
Phase 4: Diplomat Route
Starting momentum: player 13, rival 12
Phase result:
Player gains 2 progress.
Rival gains 4 progress.
Net change:
Player resources now 25.
Rival resources now 29.
Resources gained total:
Player 14, Rival 19.
Phase 5: Final Assembly
Starting momentum: player 15, rival 16
Phase result:
Player gains 5 progress.
Rival gains 6 progress.
Net change:
Player resources now 26.
Rival resources now 32.
Resources gained total:
Player 17, Rival 24.
Final momentum count:
Player momentum: 25
Rival momentum: 22
Player progress: 20
Rival progress: 22
Total resources:
Player 26
Rival 32
Setbacks faced:
Player 0, Rival 0
Competition outcome:
Rival party leads by 2 progress.
