Quest objective table seeded.
Rescue: 0 / 3.
Herbs: 1 / 3.
Signals: 0 / 1.
Rescue advances by 1.
Rescue incomplete.
Rescue: 1 / 3.
Herbs: 1 / 3.
Signals: 0 / 1.
Herbs advances by 1.
Herbs incomplete.
Rescue: 1 / 3.
Herbs: 2 / 3.
Signals: 0 / 1.
Rescue advances by 2.
Rescue complete.
Rescue: 3 / 3.
Herbs: 2 / 3.
Signals: 0 / 1.
Signals advances by 1.
Signals complete.
Rescue: 3 / 3.
Herbs: 2 / 3.
Signals: 1 / 1.
Rescue advances by 1.
Rescue complete.
Rescue: 4 / 3.
Herbs: 2 / 3.
Signals: 1 / 1.
Herbs advances by 1.
Herbs complete.
Rescue: 4 / 3.
Herbs: 3 / 3.
Signals: 1 / 1.
All quest updates applied.
