Patrol noise spread test begins.
Area alert snapshot: Initial
Gatehouse: calm.
Courtyard: calm.
Barracks: calm.
Guards hear footsteps at the Gatehouse.
Gatehouse hears the soft footsteps. Alert level 3.
Courtyard hears the soft footsteps. Alert level 2.
Barracks hears the soft footsteps. Alert level 1.
Area alert snapshot: After Gatehouse footsteps
Gatehouse: alert 3.
Courtyard: alert 2.
Barracks: alert 1.
An extra crate falls in the Barracks.
Barracks hears the barrel impact. Alert level 5.
Courtyard hears the barrel impact. Alert level 4.
Gatehouse hears the barrel impact. Alert level 4.
Area alert snapshot: After Barracks impact
Gatehouse: HIGH ALERT 4.
Courtyard: HIGH ALERT 4.
Barracks: HIGH ALERT 5.
