Heist planning begins.
Crew arrives for the operation.
Aria: lockpick 9, driving 4, stealth 5, social 4.
Bran: lockpick 5, driving 9, stealth 3, social 6.
Nika: lockpick 6, driving 4, stealth 8, social 5.
Sloane: lockpick 7, driving 5, stealth 4, social 2.
End roster.
Assigned Aria to Lock.
Assigned Bran to Driver.
Assigned Nika to Lookout.
Assigned Sloane to Infiltrator.
Assignments complete.
Role list after planning:
Aria: Lock
Bran: Driver
Nika: Lookout
Sloane: Infiltrator
End role list.
Skill check passed for lock.
Drive lane readiness confirmed.
Lookout posture is strong.
Sloane does not read people well.
All assignments reviewed.
Plan resolution --
Role coverage:
Lock assigned.
Driver assigned.
Lookout assigned.
Infiltrator assigned.
Plan risk score: 5.
Coverage is complete, but risk is too high.
Heist scrubbed before execution.
