A treaty table opens between three neighboring states.
Proposed clauses:
1. Demilitarized Corridor from North Federation
Requested concession: 1, base acceptance score 35, concession cutoff 30.
2. Joint Harbor Customs from Coastal Republic
Requested concession: 1, base acceptance score 52, concession cutoff 44.
3. Mutual Rail Passage from Mountain League
Requested concession: 2, base acceptance score 44, concession cutoff 36.
4. Emergency Aid Fund from Coastal Republic
Requested concession: 2, base acceptance score 60, concession cutoff 48.
5. Armed Patrol Rotation from North Federation
Requested concession: 1, base acceptance score 48, concession cutoff 40.
End of briefing.
Clause 1: Demilitarized Corridor --
North Federation requests concession level 1.
Signed as proposed.
Current relations: 44. Concession tokens left: 2. Tension index: -1.
Clause 2: Joint Harbor Customs --
Coastal Republic requests concession level 1.
Concession used for this clause.
Current relations: 50. Concession tokens left: 1. Tension index: -1.
Clause 3: Mutual Rail Passage --
Mountain League requests concession level 2.
Signed as proposed.
Current relations: 55. Concession tokens left: 1. Tension index: -2.
Clause 4: Emergency Aid Fund --
Coastal Republic requests concession level 2.
Clause rejected under current relations.
Current relations: 43. Concession tokens left: 1. Tension index: 0.
Clause 5: Armed Patrol Rotation --
North Federation requests concession level 1.
Concession used for this clause.
Current relations: 45. Concession tokens left: 0. Tension index: 0.
Negotiation phase complete.
Negotiation ledger:
1. Demilitarized Corridor: accepted
2. Joint Harbor Customs: accepted after concession
3. Mutual Rail Passage: accepted
4. Emergency Aid Fund: rejected
5. Armed Patrol Rotation: accepted after concession
End ledger.
Relations final before ruling: 45
Concessions remaining: 0
Signed clauses: 4
Rejected clauses: 1
Treaty ruling --
Treaty accepted. All major clauses pass.
The conference hall records a successful accord.
