Bank loan portfolio stress test begins.
Borrower ledger: Opening books
Nera | principal 2500 | rate 8 | collateral 3600 | status active | missed 0
Joss | principal 6500 | rate 12 | collateral 5000 | status active | missed 0
Hale | principal 1800 | rate 10 | collateral 2500 | status active | missed 0
Miro | principal 2700 | rate 7 | collateral 3000 | status active | missed 0
Cycle month 1
Policy hardening: 0
Nera payment 410, interest 200, remaining 2290, ratio 63%, status active.
Joss payment 303, interest 780, remaining 6977, ratio 139%, status watch.
Hale payment 322, interest 180, remaining 1658, ratio 66%, status active.
Miro payment 289, interest 189, remaining 2600, ratio 86%, status active.
Cycle 1 review.
Active loans: 3
Watch: 1
Defaulted: 0
Closed: 0
Month 1 ledger.
Nera | principal 2290 | rate 8 | collateral 3600 | status active | missed 0
Joss | principal 6977 | rate 12 | collateral 5000 | status watch | missed 1
Hale | principal 1658 | rate 10 | collateral 2500 | status active | missed 0
Miro | principal 2600 | rate 7 | collateral 3000 | status active | missed 0
Cycle month 2
Policy hardening: 0
Nera payment 400, interest 183, remaining 2073, ratio 57%, status active.
Joss default triggered at ratio 150% with leftover balance 7521. Collateral seizure recovers partial value.
Hale payment 312, interest 165, remaining 1511, ratio 60%, status active.
Miro payment 279, interest 182, remaining 2503, ratio 83%, status active.
Cycle 2 review.
Active loans: 3
Watch: 0
Defaulted: 1
Closed: 0
Month 2 ledger.
Nera | principal 2073 | rate 8 | collateral 3600 | status active | missed 0
Joss | principal 0 | rate 12 | collateral 5000 | status defaulted | missed 2
Hale | principal 1511 | rate 10 | collateral 2500 | status active | missed 0
Miro | principal 2503 | rate 7 | collateral 3000 | status active | missed 0
Cycle month 3
Policy hardening: 1
Nera payment 403, interest 186, remaining 1856, ratio 51%, status active.
Joss is no longer active.
Hale payment 315, interest 166, remaining 1362, ratio 54%, status active.
Miro payment 282, interest 200, remaining 2421, ratio 80%, status active.
Cycle 3 review.
Active loans: 3
Watch: 0
Defaulted: 1
Closed: 0
Month 3 ledger.
Nera | principal 1856 | rate 8 | collateral 3600 | status active | missed 0
Joss | principal 0 | rate 12 | collateral 5000 | status defaulted | missed 2
Hale | principal 1362 | rate 10 | collateral 2500 | status active | missed 0
Miro | principal 2421 | rate 7 | collateral 3000 | status active | missed 0
Borrower ledger: Closing books
Nera | principal 1856 | rate 8 | collateral 3600 | status active | missed 0
Joss | principal 0 | rate 12 | collateral 5000 | status defaulted | missed 2
Hale | principal 1362 | rate 10 | collateral 2500 | status active | missed 0
Miro | principal 2421 | rate 7 | collateral 3000 | status active | missed 0
Portfolio final review.
Total interest collected: 3268
Total principal repaid: 3608
Defaults recorded: 1
Closed loans: 0
Reserve cushion: 16108
Balance by status:
Active 3
Watch 0
Defaulted 1
Closed 0
Credit risk outcome is non-zero.
