Mail inbox and quest hooks.
Inbox status:
Mail 2001 read? false
Mail 2002 read? false
Mail 2003 read? false
Initial --
Quest Escort: 0
Quest Intel: 0
Quest Garrison: 0
Incoming mail from Captain Rook.
Subject: Escort confirmed
Take the envoy through the east gate before sunset.
Quest "Escort" started.
Incoming mail from Spyglass Guild.
Subject: Night shipment
A caravan leaves with route maps. Record every marker.
Quest "Intel" tally changed to 1.
Incoming mail from Marshal Hessa.
Subject: Call for garrison
Summon two squads for the outer wall immediately.
Quest "Garrison" called.
Inbox status:
Mail 2001 read? true
Mail 2002 read? true
Mail 2003 read? true
After first sweep --
Quest Escort: 1
Quest Intel: 1
Quest Garrison: 1
Marked mail 2002 as unread.
Mail 2001 is already read.
Incoming mail from Spyglass Guild.
Subject: Night shipment
A caravan leaves with route maps. Record every marker.
Quest "Intel" tally changed to 2.
Mail 2003 is already read.
Inbox status:
Mail 2001 read? true
Mail 2002 read? true
Mail 2003 read? true
After reread --
Quest Escort: 1
Quest Intel: 2
Quest Garrison: 1
