City governance turn begins.
Initial district status --
Canalside Quarter: Unrest 3, Security 5, Supply 7
Iron Market: Unrest 6, Security 4, Supply 5
North Bastion: Unrest 2, Security 7, Supply 4
Policy event: Patrol Sweep
Canalside Quarter remains calm.
Guard pressure holds in Canalside Quarter.
Supply flow is sufficient in Canalside Quarter.
Post-event status --
Canalside Quarter: Unrest 2, Security 7, Supply 7
Iron Market: Unrest 6, Security 4, Supply 5
North Bastion: Unrest 2, Security 7, Supply 4
Policy event: Food Subsidy
Iron Market remains calm.
Guard pressure holds in Iron Market.
Supply flow is sufficient in Iron Market.
Post-event status --
Canalside Quarter: Unrest 2, Security 7, Supply 7
Iron Market: Unrest 3, Security 4, Supply 7
North Bastion: Unrest 2, Security 7, Supply 4
Policy event: Search Quotas
North Bastion unrest shifted to 4.
Guard pressure holds in North Bastion.
Supply flow is sufficient in North Bastion.
Post-event status --
Canalside Quarter: Unrest 2, Security 7, Supply 7
Iron Market: Unrest 3, Security 4, Supply 7
North Bastion: Unrest 4, Security 8, Supply 3
Policy event: Border Tax Reform
Iron Market unrest shifted to 4.
Guard pressure holds in Iron Market.
Supply flow is sufficient in Iron Market.
Post-event status --
Canalside Quarter: Unrest 2, Security 7, Supply 7
Iron Market: Unrest 4, Security 3, Supply 5
North Bastion: Unrest 4, Security 8, Supply 3
Policy event: Harbor Quiet Hours
Canalside Quarter remains calm.
Guard pressure holds in Canalside Quarter.
Supply flow is sufficient in Canalside Quarter.
Post-event status --
Canalside Quarter: Unrest 3, Security 8, Supply 6
Iron Market: Unrest 4, Security 3, Supply 5
North Bastion: Unrest 4, Security 8, Supply 3
Policy event: Garrison Rotation
North Bastion remains calm.
Guard pressure holds in North Bastion.
Supply flow is sufficient in North Bastion.
Post-event status --
Canalside Quarter: Unrest 3, Security 8, Supply 6
Iron Market: Unrest 4, Security 3, Supply 5
North Bastion: Unrest 2, Security 10, Supply 4
Final district status --
Canalside Quarter: Unrest 3, Security 8, Supply 6
Iron Market: Unrest 4, Security 3, Supply 5
North Bastion: Unrest 2, Security 10, Supply 4
Unrest is stable across all districts this cycle.
End of turn.
