Post becomes active for a loaded route.
Starting mounts --
Larkspur: Stamina 20/20, speed 8, load 6
Ironhoof: Stamina 28/28, speed 6, load 12
Leg 1: North Gate to Bramble Road (6km, load 4, terrain plains)
Larkspur: Stamina 20/20, speed 8, load 6
Riding North Gate to Bramble Road on Larkspur.
Used 8 stamina, remaining 12.
Travel time: 9 hours.
Leg 2: Bramble Road to Cliff Pass (4km, load 5, terrain hill)
Ironhoof: Stamina 28/28, speed 6, load 12
Riding Bramble Road to Cliff Pass on Ironhoof.
Used 13 stamina, remaining 15.
Travel time: 14 hours.
Leg 3: Cliff Pass to Marsh Line (5km, load 9, terrain swamp)
Ironhoof: Stamina 15/28, speed 6, load 12
Ironhoof needs rest before crossing.
Rested with Ironhoof. Stamina now 20.
Rested with Ironhoof. Stamina now 25.
Riding Cliff Pass to Marsh Line on Ironhoof.
Used 22 stamina, remaining 3.
Travel time: 25 hours.
Leg 4: Marsh Line to River Ford (3km, load 8, terrain river)
Larkspur: Stamina 12/20, speed 8, load 6
Riding Marsh Line to River Ford on Larkspur.
Used 11 stamina, remaining 1.
Travel time: 8 hours.
Leg 5: River Ford to Outpost (7km, load 11, terrain forest)
Ironhoof: Stamina 3/28, speed 6, load 12
Ironhoof needs rest before crossing.
Rested with Ironhoof. Stamina now 8.
Rested with Ironhoof. Stamina now 13.
Rested with Ironhoof. Stamina now 18.
Riding River Ford to Outpost on Ironhoof.
Used 16 stamina, remaining 2.
Travel time: 24 hours.
Trip complete --
Larkspur: Stamina 1/20, speed 8, load 6
Ironhoof: Stamina 2/28, speed 6, load 12
All legs completed.
Total time: 85 travel hours, 5 rest hours.
