Territory ecology simulation starts.
Territory snapshot: Initial state
Hare - pop 520, growth 30, role prey, territory 4
Mouse - pop 420, growth 34, role prey, territory 3
Wolf - pop 115, growth 10, role predator, territory 5
Owl - pop 78, growth 12, role predator, territory 4
Season 1 begins.
Pressure index 62.
Wolf consumed 64 of Hare.
Owl consumed 29 of Mouse.
After season 1 state.
Hare - pop 638, growth 30, role prey, territory 4
Mouse - pop 554, growth 34, role prey, territory 3
Wolf - pop 139, growth 10, role predator, territory 5
Owl - pop 93, growth 12, role predator, territory 4
Ecosystem status:
Total organisms: 1424
Pressure index: 79
Prey groups: 2, predators: 2
Hare 638 Mouse 554
Kill events so far: 93
Habitat remains in balanced turnover.
Season 2 begins.
Pressure index 79.
Wolf consumed 75 of Hare.
Owl consumed 34 of Mouse.
After season 2 state.
Hare - pop 754, growth 30, role prey, territory 4
Mouse - pop 708, growth 34, role prey, territory 3
Wolf - pop 162, growth 10, role predator, territory 5
Owl - pop 107, growth 12, role predator, territory 4
Ecosystem status:
Total organisms: 1731
Pressure index: 96
Prey groups: 2, predators: 2
Hare 754 Mouse 708
Kill events so far: 202
Habitat remains in balanced turnover.
Season 3 begins.
Pressure index 96.
Wolf consumed 73 of Hare.
Owl consumed 32 of Mouse.
After season 3 state.
Hare - pop 892, growth 30, role prey, territory 4
Mouse - pop 902, growth 34, role prey, territory 3
Wolf - pop 183, growth 10, role predator, territory 5
Owl - pop 120, growth 12, role predator, territory 4
Ecosystem status:
Total organisms: 2097
Pressure index: 116
Prey groups: 2, predators: 2
Hare 892 Mouse 902
Kill events so far: 307
Habitat remains in balanced turnover.
Season 4 begins.
Pressure index 116.
Wolf consumed 85 of Hare.
Owl consumed 38 of Mouse.
After season 4 state.
Hare - pop 1083, growth 30, role prey, territory 4
Mouse - pop 1179, growth 34, role prey, territory 3
Wolf - pop 213, growth 10, role predator, territory 5
Owl - pop 139, growth 12, role predator, territory 4
Ecosystem status:
Total organisms: 2614
Pressure index: 145
Prey groups: 2, predators: 2
Hare 1083 Mouse 1179
Kill events so far: 430
Habitat is crowded, but still bounded by predation cycles.
Territory snapshot: Final state
Hare - pop 1083, growth 30, role prey, territory 4
Mouse - pop 1179, growth 34, role prey, territory 3
Wolf - pop 213, growth 10, role predator, territory 5
Owl - pop 139, growth 12, role predator, territory 4
Final wildlife summary.
Total population: 2614
Pressure index: 145
Predator groups: 2
Prey groups: 2
Key populations:
Hare 1083
Mouse 1179
Total predation events logged: 430
Territorial pressure collapsed by intense feeding pressure.
