Cooldown scheduler by ability id.
Attempting Pierce.
Pierce cast.
Pierce starts a 2-turn cooldown.
Pierce cooldown now 2.
Healing Rhyme cooldown now 0.
Overwatch cooldown now 0.
Attempting Pierce.
Pierce is on cooldown for 1 more turns.
Pierce cooldown now 1.
Healing Rhyme cooldown now 0.
Overwatch cooldown now 0.
Attempting Healing Rhyme.
Healing Rhyme cast.
Healing Rhyme starts a 3-turn cooldown.
Pierce cooldown now 0.
Healing Rhyme cooldown now 3.
Overwatch cooldown now 0.
Attempting Overwatch.
Overwatch cast.
Overwatch starts a 4-turn cooldown.
Pierce cooldown now 0.
Healing Rhyme cooldown now 2.
Overwatch cooldown now 4.
Attempting Healing Rhyme.
Healing Rhyme is on cooldown for 1 more turns.
Pierce cooldown now 0.
Healing Rhyme cooldown now 1.
Overwatch cooldown now 3.
Attempting Pierce.
Pierce cast.
Pierce starts a 2-turn cooldown.
Pierce cooldown now 2.
Healing Rhyme cooldown now 0.
Overwatch cooldown now 2.
Attempting Overwatch.
Overwatch is on cooldown for 1 more turns.
Pierce cooldown now 1.
Healing Rhyme cooldown now 0.
Overwatch cooldown now 1.
All commands processed.
