Caravan route simulation.
Start --
Food 42
Water 28
Fuel 19
Leg 1: Ridgepost to Bracken Trail, distance 4, terrain plains
Food 9 used from Ridgepost to Bracken Trail.
Water 13 used from Ridgepost to Bracken Trail.
Fuel 5 used from Ridgepost to Bracken Trail.
After leg --
Food 33
Water 15
Fuel 14
Leg 2: Bracken Trail to Sandscar, distance 3, terrain desert
Food 10 used from Bracken Trail to Sandscar.
Warning: water shortage on Bracken Trail to Sandscar.
Needed 19, had 15.
Fuel 7 used from Bracken Trail to Sandscar.
After leg --
Food 23
Water 0
Fuel 7
Leg 3: Sandscar to Stonevale, distance 5, terrain mountain
Food 15 used from Sandscar to Stonevale.
Warning: water shortage on Sandscar to Stonevale.
Needed 18, had 0.
Warning: fuel shortage on Sandscar to Stonevale.
Needed 12, had 7.
After leg --
Food 8
Water 0
Fuel 0
Leg 4: Stonevale to Wilderford, distance 2, terrain forest
Food 6 used from Stonevale to Wilderford.
Warning: water shortage on Stonevale to Wilderford.
Needed 8, had 0.
Warning: fuel shortage on Stonevale to Wilderford.
Needed 4, had 0.
After leg --
Food 2
Water 0
Fuel 0
Leg 5: Wilderford to Rivergate, distance 4, terrain river
Warning: food shortage on Wilderford to Rivergate.
Needed 10, had 2.
Warning: water shortage on Wilderford to Rivergate.
Needed 14, had 0.
Warning: fuel shortage on Wilderford to Rivergate.
Needed 8, had 0.
After leg --
Food 0
Water 0
Fuel 0
Final supplies --
Food 0
Water 0
Fuel 0
Supply warnings: 8.
Review warnings before next leg.
