Siege rationing ledger begins.
Day 1 policy: Full Ration
Incoming stores: food +20, water +20
Rations required: food 72, water 72
Rations served: food 72, water 72
Shortages: food 0, water 0
Morale now: 71
Disease risk now: 17
Surrender pressure: 0
Breakout pressure: 0
Stores remaining: food 188, water 208
Day 2 policy: Measured Ration
Incoming stores: food +14, water +12
Rations required: food 48, water 48
Rations served: food 48, water 48
Shortages: food 0, water 0
Morale now: 68
Disease risk now: 22
Surrender pressure: 1
Breakout pressure: 1
Stores remaining: food 154, water 172
Day 3 policy: Measured Ration
Incoming stores: food +8, water +10
Rations required: food 48, water 48
Rations served: food 48, water 48
Shortages: food 0, water 0
Morale now: 64
Disease risk now: 29
Surrender pressure: 3
Breakout pressure: 3
Stores remaining: food 114, water 134
Day 4 policy: Hard Ration
Incoming stores: food +6, water +5
Rations required: food 24, water 24
Rations served: food 24, water 24
Shortages: food 0, water 0
Morale now: 56
Disease risk now: 41
Surrender pressure: 5
Breakout pressure: 5
Stores remaining: food 96, water 115
Day 5 policy: Hard Ration
Incoming stores: food +4, water +3
Rations required: food 24, water 24
Rations served: food 24, water 24
Shortages: food 0, water 0
Morale now: 47
Disease risk now: 56
Surrender pressure: 8
Breakout pressure: 8
Stores remaining: food 76, water 94
Day 6 policy: Measured Ration
Incoming stores: food +10, water +6
Rations required: food 48, water 48
Rations served: food 48, water 48
Shortages: food 0, water 0
Morale now: 43
Disease risk now: 62
Surrender pressure: 14
Breakout pressure: 10
Stores remaining: food 38, water 52
Day 7 policy: Measured Ration
Incoming stores: food +2, water +2
Rations required: food 48, water 48
Rations served: food 40, water 48
Shortages: food 8, water 0
Morale now: 34
Disease risk now: 75
Surrender pressure: 26
Breakout pressure: 16
Stores remaining: food 0, water 6
Siege ration cycle complete.
Siege final assessment.
Remaining food: 0
Remaining water: 6
Total food shortage: 8
Total water shortage: 0
Morale floor: 34
Current morale: 34
Disease peak: 75
Current disease risk: 75
Surrender pressure: 26
Breakout pressure: 16
Outcome: garrison attempts a breakout at dusk.
