Failure is expected. Failure-forward is the plan.
Check 1: Rope Traverse --
Scout Lina attempts a difficulty 9 roll.
Roll outcome: base 7 + roll 6 = 13, margin 4.
Full success.
Reward unlocked: You keep moving toward the gate.
Check 2: Silent Entry --
Sage Venn attempts a difficulty 10 roll.
Roll outcome: base 9 + roll 2 = 11, margin 1.
Partial success.
You keep going, but the plan is slower.
Check 3: Lockpick Bolt --
Rook attempts a difficulty 10 roll.
Roll outcome: base 8 + roll 1 = 9, margin -1.
Fail-forward.
You fail the strict target but still trigger The mechanism gives under pressure.
Check 4: Arc Bridge Run --
Scout Lina attempts a difficulty 11 roll.
Roll outcome: base 7 + roll 4 = 11, margin 0.
Partial success.
You keep going, but the plan is slower.
Check 5: Crowd Bluff --
Sage Venn attempts a difficulty 12 roll.
Roll outcome: base 10 + roll 4 = 14, margin 2.
Partial success.
You keep going, but the plan is slower.
Final state:
Checks: 1 full, 3 partial, 1 fail-forward.
Morale: 11
Stamina: 11
Supplies: 3
Injuries: 1
Your team keeps enough coherence for a steady campaign.
