The excavation camp opens before dawn.
Layer 1: Silted floor depth 0 with hardness 3.
Layer 2: Packed clay depth 1 with hardness 5.
Layer 3: Burn mark stratum depth 2 with hardness 7.
Layer 4: Crumble shelf depth 3 with hardness 9.
Layer 5: Foundational stone depth 4 with hardness 11.
Current tools:
Claw Pick condition 18.
Fine Chisel condition 12.
Artist Brush condition 10.
Silted floor at depth 0 is being opened with Artist Brush.
Use Artist Brush: wear 1, condition now 9.
A pristine artifact is recovered.
Packed clay at depth 1 is being opened with Artist Brush.
Use Artist Brush: wear 1, condition now 8.
The find is recoverable but context is damaged.
Burn mark stratum at depth 2 is being opened with Fine Chisel.
Use Fine Chisel: wear 1, condition now 11.
No recoverable remains appear this layer.
Crumble shelf at depth 3 is being opened with Claw Pick.
Use Claw Pick: wear 5, condition now 13.
No recoverable remains appear this layer.
Foundational stone at depth 4 is being opened with Claw Pick.
Use Claw Pick: wear 7, condition now 6.
No recoverable remains appear this layer.
Excavation complete.
Artifacts recovered: 2
Artifacts preserved: 1
Site context integrity: 46
Total tool wear: 15
Report quality score: 72
Context gaps are visible in the official report.
