The campfire clears the fog for the night watch.
The bridge at moonfall status: untold
Emberbird oaths status: untold
The debt coin status: untold
Hollow watchman status: untold
The last cartographer status: untold
Night 1: storyteller Bran.
The debt coin
Tally: priority 8, band epic.
Night 2: storyteller Neris.
The bridge at moonfall
Tally: priority 7, band rare.
Night 3: storyteller Tal.
The last cartographer
Tally: priority 6, band rare.
Night 4: storyteller Sera.
Hollow watchman
Tally: priority 5, band common.
Night 5: storyteller Bran.
Emberbird oaths
Tally: priority 4, band common.
All remaining stories have been told.
The circle resets the slate.
Night 6: storyteller Neris.
The debt coin
Tally: priority 8, band epic.
Night 7: storyteller Tal.
The bridge at moonfall
Tally: priority 7, band rare.
Night 8: storyteller Sera.
The last cartographer
Tally: priority 6, band rare.
Night rotation complete.
The bridge at moonfall status: told
Emberbird oaths status: untold
The debt coin status: told
Hollow watchman status: untold
The last cartographer status: told
Cycles completed: 1
Stories told this run: 8
Stories told in current cycle: 3
