Curator planning starts the weekly gallery briefing.
Exhibit 101: Marble Procession
Theme Renaissance | quality 88 | appeal 74
Marked for this floor.
Exhibit 102: Copper Street Lamp
Theme Modern | quality 62 | appeal 55
Set aside for reserve.
Exhibit 103: Clockwork Cathedral
Theme Modern | quality 90 | appeal 82
Marked for this floor.
Exhibit 104: Glass Lantern Archive
Theme Scientific | quality 70 | appeal 63
Set aside for reserve.
Exhibit 105: Botanical Engine
Theme Scientific | quality 83 | appeal 76
Marked for this floor.
Exhibit 106: Marble Altar
Theme Renaissance | quality 86 | appeal 80
Marked for this floor.
Exhibit 107: Telescope Dome
Theme Scientific | quality 77 | appeal 61
Set aside for reserve.
Exhibit 108: City of Windows
Theme Modern | quality 79 | appeal 71
Set aside for reserve.
Catalog review complete.
The curated floor selection includes:
Selected exhibit 101: Marble Procession (Renaissance), score 88 / 74
Selected exhibit 103: Clockwork Cathedral (Modern), score 90 / 82
Selected exhibit 105: Botanical Engine (Scientific), score 83 / 76
Selected exhibit 106: Marble Altar (Renaissance), score 86 / 80
Raw metrics captured.
Curation report:
Total selected exhibits: 4
Theme counts:
Renaissance: 2
Modern: 1
Scientific: 1
Other: 0
Thematic coherence: 100
Prestige score: 264
Visitor response: High praise and long-form press coverage.
