Weather timeline enters.
Mist at hour 1. Cold haze in the roads.
Visibility: 2
Acoustics: 1
Encounter modifier: 3
Standard movement rules hold.
Clear at hour 2. High sunlight and long shadows.
Visibility: 7
Acoustics: 2
Encounter modifier: 5
Standard movement rules hold.
Cloud at hour 3. The city glows amber and dim.
Visibility: 4
Acoustics: 4
Encounter modifier: 7
Standard movement rules hold.
Storm at hour 4. Rain and distant sirens.
Visibility: 1
Acoustics: 8
Encounter modifier: 10
The storm increases contact risk this hour.
Mist at hour 5. Cold haze in the roads.
Visibility: 2
Acoustics: 1
Encounter modifier: 3
Standard movement rules hold.
Clear at hour 6. High sunlight and long shadows.
Visibility: 7
Acoustics: 2
Encounter modifier: 5
Standard movement rules hold.
Cloud at hour 7. The city glows amber and dim.
Visibility: 4
Acoustics: 4
Encounter modifier: 7
Standard movement rules hold.
Storm at hour 8. Rain and distant sirens.
Visibility: 1
Acoustics: 8
Encounter modifier: 10
The storm increases contact risk this hour.
Schedule complete.
