Outbreak simulation by contact and quarantine.
Initial state --
Ari | exposure 0 | clear
Bram | exposure 11 | tracked
Cora | exposure 0 | clear
Dax | exposure 2 | tracked
Elin | exposure 0 | quarantined
Ari receives first exposure of 5 from Bram.
Dax increases by 3.
Cora receives first exposure of 6 from Bram.
Event blocked: Elin is quarantined and cannot spread to Ari.
Dax increases by 4.
Bram increases by 3.
Bram reaches outbreak threshold (14) and is quarantined.
Event blocked: Bram is quarantined and cannot spread to Elin.
Cora increases by 4.
Cora reaches outbreak threshold (10) and is quarantined.
Day 1 phase done.
End of day 1 --
Day 2 starts.
Event blocked: Cora is quarantined and cannot spread to Bram.
Event blocked: Elin is quarantined and cannot spread to Dax.
Event blocked: Dax reaches quarantined target Cora.
Dax increases by 2.
Dax reaches outbreak threshold (11) and is quarantined.
Final state --
Ari | exposure 5 | tracked
Bram | exposure 14 | quarantined
Cora | exposure 10 | quarantined
Dax | exposure 11 | quarantined
Elin | exposure 0 | quarantined
Outbreak summary:
New infections this run: 2
Tracked infected NPCs: 4
NPCs under quarantine: 4
Total exposure pool: 40
Highest burden: Bram (14)
