Ritual circle calibration report.
Trial Trial A
Slot 1: Salt (balancer)
Slot 2: Aether (opener)
Slot 3: Ash (wild catalyst)
Slot 4: Heartfire (seal)
Sequence check: 3 mismatch(s).
Target power: 14, actual 17.
Power offset: +3
Target stability: 7, actual 0.
Stability offset: -7
Backlash risk score: 19.
Ritual result:
Critical breach. Components fire out of phase and the circle folds in on itself.
Trial Trial B
Slot 1: Aether (opener)
Slot 2: Salt (balancer)
Slot 3: Quartz (focuser)
Slot 4: Heartfire (seal)
Sequence check: 0 mismatch(s).
Target power: 14, actual 14.
Power offset: +0
Target stability: 7, actual 7.
Stability offset: +0
Backlash risk score: 0.
Ritual result:
Clean binding. Focus holds and the ritual anchors properly.
