Alchemist lab log starts.
Reagent inventory:
Moonflower Petal: purity 86, contamination 8
Iron Bloom: purity 74, contamination 12
Nightwater: purity 68, contamination 14
Willow Bark: purity 91, contamination 4
Copper Salt: purity 79, contamination 7
Brewing Heal Draught
Reagent profile before boil:
Moonflower Petal: purity 86, contamination 8
Willow Bark: purity 91, contamination 4
Copper Salt: purity 79, contamination 7
Base stability: 68, profile: Potent
Moonflower Petal strains under heat.
Willow Bark strains under heat.
Copper Salt strains under heat.
Potion: Heal Draught
Stability score: 68
Outcome: Potent
Post-brew reagent states:
Moonflower Petal: purity 86, contamination 8
Willow Bark: purity 91, contamination 4
Copper Salt: purity 79, contamination 7
Ambient pressure: 12
Brewing Nightfall Tonic
Reagent profile before boil:
Nightwater: purity 68, contamination 14
Iron Bloom: purity 74, contamination 12
Copper Salt: purity 79, contamination 7
Base stability: 49, profile: Unstable
Nightwater strains under heat.
Iron Bloom strains under heat.
Copper Salt strains under heat.
Potion: Nightfall Tonic
Stability score: 49
Outcome: Unstable
Post-brew reagent states:
Nightwater: purity 68, contamination 14
Iron Bloom: purity 74, contamination 12
Copper Salt: purity 79, contamination 7
Ambient pressure: 14
Brewing Wound Salve
Reagent profile before boil:
Iron Bloom: purity 74, contamination 12
Moonflower Petal: purity 86, contamination 8
Willow Bark: purity 91, contamination 4
Base stability: 60, profile: Potent
Iron Bloom strains under heat.
Moonflower Petal strains under heat.
Willow Bark strains under heat.
Potion: Wound Salve
Stability score: 60
Outcome: Potent
Post-brew reagent states:
Iron Bloom: purity 74, contamination 12
Moonflower Petal: purity 86, contamination 8
Willow Bark: purity 91, contamination 4
Ambient pressure: 16
Brewing cycle complete.
Alchemy lab report.
Outcomes:
Pure: 0
Potent: 2
Unstable: 1
Failed: 0
Ambient contamination pressure: 16
Moonflower Petal: purity 86, contamination 8
Iron Bloom: purity 74, contamination 12
Nightwater: purity 68, contamination 14
Willow Bark: purity 91, contamination 4
Copper Salt: purity 79, contamination 7
