The sanctuary hosts a quiet fundraiser.
Donor Mara contributes 12 (for the winter fire.)
Funds now 12.
New service opened: Soup Queue.
4 extra daily visitors.
1 morale points.
Donor Bran contributes 18 (small but sincere.)
Funds now 30.
New service opened: Medicines.
6 extra daily visitors.
2 morale points.
Donor Alden contributes 22 (for sick children.)
Funds now 52.
New service opened: Night Guard.
5 extra daily visitors.
1 morale points.
Donor Priest Halen contributes 24 (for the chapel repair.)
Funds now 76.
New service opened: Quiet Chapel.
7 extra daily visitors.
2 morale points.
Donor Captain Rook contributes 30 (for extra shelter quilts.)
Funds now 106.
New service opened: Hearth Library.
10 extra daily visitors.
3 morale points.
Service: Soup Queue (active) needs 10
Service: Medicines (active) needs 30
Service: Night Guard (active) needs 45
Service: Quiet Chapel (active) needs 60
Service: Hearth Library (active) needs 80
Expected visitors today: 72
Visitor morale index: 17
Sanctuary fund total: 106
Donations received: 5
Active services: 5
Sanctuary now runs at high capacity and stable routine.
