The reliquary shard arrives with no provenance note.
Target: "copper reliquary shard".
Baseline value estimate: 110 silver.
Investigator uses lamp-lens scan.
Clue (moderate): etched constellations align with oath-breaker marks
Investigator uses resin scrape sample.
Clue (moderate): a bitter resin bloom forms where heat is applied
Investigator uses chime resonance.
Clue (strong): tones bend as if a hidden chamber shifts in phase
Investigator uses mirror divination.
Clue (strong): reflections show names without mouths asking for release
Investigator uses burning salt circle.
This run triggers an unsafe surge.
The identification ledger closes.
Method lamp-lens scan: confidence 12, risk now 8.
Note: clear signal: etched constellations align with oath-breaker marks
Method resin scrape sample: confidence 16, risk now 26.
Note: clear signal: a bitter resin bloom forms where heat is applied
Method chime resonance: confidence 24, risk now 53.
Note: clear signal: tones bend as if a hidden chamber shifts in phase
Method mirror divination: confidence 26, risk now 87.
Note: clear signal: reflections show names without mouths asking for release
Method burning salt circle: confidence 0, risk now 127.
Note: dangerous surge, corrupted read
The final reading is: Unresolved: unstable trace, manual binding required before movement
Curse status: Immediate binding required; do not approach without a ward
