The royal audience opens at dawn.
Faction Crown starts at favor 68, expected 70.
Faction Heir Apparent starts at favor 58, expected 65.
Faction Merchant Guild starts at favor 52, expected 55.
Faction Temple Order starts at favor 60, expected 62.
Gift 1: Crown receives a carved silver seal.
Protocol phrasing and posture are correct.
Gift 2: Heir Apparent receives a cedar flute case.
A misplaced bow creates an etiquette mistake.
Gift 3: Merchant Guild receives a caravan map with hidden routes.
Protocol phrasing and posture are correct.
Gift 4: Temple Order receives healing cloth in temple blue.
A misplaced bow creates an etiquette mistake.
Gift 5: Crown receives a hand-hammered jade coin.
Protocol phrasing and posture are correct.
Crown now stands at 84. satisfied and willing to grant favor
Heir Apparent now stands at 58. polite but cautious
Merchant Guild now stands at 60. satisfied and willing to grant favor
Temple Order now stands at 62. satisfied and willing to grant favor
Audience readout:
Total favor shift: 26
Etiquette mistakes: 2
Average favor: 66
Lowest faction favor: 58
Highest faction favor: 84
Royal verdict:
Audience outcome: conditional. Gifts helped, but etiquette remains under watch.
