Fortress upgrade dependency simulation.
Day 0 --
Current stock: 2 gold, 0 wood, 0 stone, 0 ore
Initial upgrade status --
Foundations: unavailable
Watchtower: unavailable
Barracks: unavailable
Fortified Gate: unavailable
Armory: unavailable
Day 1 --
Current stock: 2 gold, 0 wood, 0 stone, 0 ore
Supply report --
Day 1 delivered:
4 gold
3 wood
1 stone
1 ore
After day 1 logistics --
Current stock: 6 gold, 3 wood, 1 stone, 1 ore
Evaluating upgrades on day 1 --
Foundations: unavailable
Watchtower: unavailable
Barracks: unavailable
Fortified Gate: unavailable
Armory: unavailable
Blocked: Foundations lacks funds (6 gold, 4 wood, 2 stone, 1 ore).
Locked: Watchtower waits for prerequisites.
Locked: Barracks waits for prerequisites.
Locked: Fortified Gate waits for prerequisites.
Locked: Armory waits for prerequisites.
End day 1 --
Attack: 5.
Defense: 5.
Scouting: 0.
Day 2 --
Current stock: 6 gold, 3 wood, 1 stone, 1 ore
Supply report --
Day 2 delivered:
4 gold
3 wood
1 stone
1 ore
After day 2 logistics --
Current stock: 10 gold, 6 wood, 2 stone, 2 ore
Evaluating upgrades on day 2 --
Foundations: unavailable
Watchtower: unavailable
Barracks: unavailable
Fortified Gate: unavailable
Armory: unavailable
Acquired Foundations this cycle.
Stats: atk 5, def 8, scouting 0.
Blocked: Watchtower lacks funds (5 gold, 2 wood, 2 stone, 0 ore).
Blocked: Barracks lacks funds (7 gold, 4 wood, 2 stone, 1 ore).
Locked: Fortified Gate waits for prerequisites.
Locked: Armory waits for prerequisites.
A construction wave completed.
Already acquired: Foundations.
Blocked: Watchtower lacks funds (5 gold, 2 wood, 2 stone, 0 ore).
Blocked: Barracks lacks funds (7 gold, 4 wood, 2 stone, 1 ore).
Locked: Fortified Gate waits for prerequisites.
Locked: Armory waits for prerequisites.
End day 2 --
Attack: 5.
Defense: 8.
Scouting: 0.
Day 3 --
Current stock: 4 gold, 2 wood, 0 stone, 1 ore
Supply report --
Day 3 delivered:
4 gold
3 wood
1 stone
1 ore
After day 3 logistics --
Current stock: 8 gold, 5 wood, 1 stone, 2 ore
Evaluating upgrades on day 3 --
Foundations: active
Watchtower: unavailable
Barracks: unavailable
Fortified Gate: unavailable
Armory: unavailable
Already acquired: Foundations.
Blocked: Watchtower lacks funds (5 gold, 2 wood, 2 stone, 0 ore).
Blocked: Barracks lacks funds (7 gold, 4 wood, 2 stone, 1 ore).
Locked: Fortified Gate waits for prerequisites.
Locked: Armory waits for prerequisites.
End day 3 --
Attack: 5.
Defense: 8.
Scouting: 0.
Day 4 --
Current stock: 8 gold, 5 wood, 1 stone, 2 ore
Supply report --
Day 4 delivered:
4 gold
3 wood
1 stone
1 ore
After day 4 logistics --
Current stock: 12 gold, 8 wood, 2 stone, 3 ore
Evaluating upgrades on day 4 --
Foundations: active
Watchtower: unavailable
Barracks: unavailable
Fortified Gate: unavailable
Armory: unavailable
Already acquired: Foundations.
Acquired Watchtower this cycle.
Stats: atk 5, def 9, scouting 4.
Blocked: Barracks lacks funds (7 gold, 4 wood, 2 stone, 1 ore).
Acquired Fortified Gate this cycle.
Stats: atk 6, def 13, scouting 5.
Locked: Armory waits for prerequisites.
A construction wave completed.
Already acquired: Foundations.
Already acquired: Watchtower.
Blocked: Barracks lacks funds (7 gold, 4 wood, 2 stone, 1 ore).
Already acquired: Fortified Gate.
Locked: Armory waits for prerequisites.
End day 4 --
Attack: 6.
Defense: 13.
Scouting: 5.
Day 5 --
Current stock: 3 gold, 4 wood, 0 stone, 2 ore
Supply report --
Day 5 delivered:
4 gold
3 wood
1 stone
1 ore
After day 5 logistics --
Current stock: 7 gold, 7 wood, 1 stone, 3 ore
Evaluating upgrades on day 5 --
Foundations: active
Watchtower: active
Barracks: unavailable
Fortified Gate: active
Armory: unavailable
Already acquired: Foundations.
Already acquired: Watchtower.
Blocked: Barracks lacks funds (7 gold, 4 wood, 2 stone, 1 ore).
Already acquired: Fortified Gate.
Locked: Armory waits for prerequisites.
End day 5 --
Attack: 6.
Defense: 13.
Scouting: 5.
Day 6 --
Current stock: 7 gold, 7 wood, 1 stone, 3 ore
Supply report --
Day 6 delivered:
4 gold
3 wood
1 stone
1 ore
After day 6 logistics --
Current stock: 11 gold, 10 wood, 2 stone, 4 ore
Evaluating upgrades on day 6 --
Foundations: active
Watchtower: active
Barracks: unavailable
Fortified Gate: active
Armory: unavailable
Already acquired: Foundations.
Already acquired: Watchtower.
Acquired Barracks this cycle.
Stats: atk 11, def 14, scouting 5.
Already acquired: Fortified Gate.
Blocked: Armory lacks funds (5 gold, 2 wood, 1 stone, 2 ore).
A construction wave completed.
Already acquired: Foundations.
Already acquired: Watchtower.
Already acquired: Barracks.
Already acquired: Fortified Gate.
Blocked: Armory lacks funds (5 gold, 2 wood, 1 stone, 2 ore).
End day 6 --
Attack: 11.
Defense: 14.
Scouting: 5.
Day 7 --
Current stock: 4 gold, 6 wood, 0 stone, 3 ore
Supply report --
Day 7 delivered:
4 gold
3 wood
1 stone
1 ore
After day 7 logistics --
Current stock: 8 gold, 9 wood, 1 stone, 4 ore
Evaluating upgrades on day 7 --
Foundations: active
Watchtower: active
Barracks: active
Fortified Gate: active
Armory: unavailable
Already acquired: Foundations.
Already acquired: Watchtower.
Already acquired: Barracks.
Already acquired: Fortified Gate.
Acquired Armory this cycle.
Stats: atk 15, def 14, scouting 5.
A construction wave completed.
Already acquired: Foundations.
Already acquired: Watchtower.
Already acquired: Barracks.
Already acquired: Fortified Gate.
Already acquired: Armory.
End day 7 --
Attack: 15.
Defense: 14.
Scouting: 5.
Construction period ended.
Final base stats --
Attack: 15.
Defense: 14.
Scouting: 5.
