Camp fire cooking begins.
Kitchen stock --
Grain: 8
Meat: 3
Herb: 4
Water: 4
Oil: 2
Stir in ingredients for Hearty Stew. Hearty Stew is ready for Rin.
Rin receives Hearty Stew buff for 2 days.
Stir in ingredients for Herbal Tea. Herbal Tea is ready for Mara.
Mara receives Herbal Tea buff for 3 days.
Stir in ingredients for Oil-Rubbed Grain Cakes. Oil-Rubbed Grain Cakes is ready for Joss.
Joss receives Oil-Rubbed Grain Cakes buff for 2 days.
After cooking --
Grain: 3
Meat: 2
Herb: 2
Water: 3
Oil: 1
Day 1
Party status (Day 1) --
Rin: Attack 11, Stamina 12
Mara: Attack 9, Stamina 12
Joss: Attack 10, Stamina 12
Active buffs --
Rin: Hearty Stew (2 days left)
Mara: Herbal Tea (3 days left)
Joss: Oil-Rubbed Grain Cakes (2 days left)
Day 2
Party status (Day 2) --
Rin: Attack 11, Stamina 12
Mara: Attack 9, Stamina 12
Joss: Attack 10, Stamina 12
Active buffs --
Rin: Hearty Stew (1 days left)
Mara: Herbal Tea (2 days left)
Joss: Oil-Rubbed Grain Cakes (1 days left)
Rin loses Hearty Stew buff.
Joss loses Oil-Rubbed Grain Cakes buff.
Day 3
Party status (Day 3) --
Rin: Attack 9, Stamina 11
Mara: Attack 9, Stamina 12
Joss: Attack 7, Stamina 12
Active buffs --
Empty slot.
Mara: Herbal Tea (1 days left)
Empty slot.
Mara loses Herbal Tea buff.
End of watch (Day 3) --
Rin: Attack 9, Stamina 11
Mara: Attack 8, Stamina 10
Joss: Attack 7, Stamina 12
