The inn clerk opens tonight's ledger at moonrise.
Room inventory:
Morningside Loft: class deluxe, rate 36, clean true
Fjord Bunk: class compact, rate 18, clean true
North Hall: class compact, rate 16, clean true
Courtyard Suite: class suite, rate 40, clean false
The clerk accepts Master Venn for Morningside Loft.
The reservation includes a refundable hold and may reduce at night.
The clerk accepts Lio the Cartographer for Fjord Bunk.
Full payment expected at dawn.
The clerk accepts Ariya for North Hall.
Full payment expected at dawn.
The inn is closed for Jorah; deposit not accepted.
The inn is closed for Kessa; deposit not accepted.
The house opens a temporary cot for Bram due full occupancy.
Guest updates arrive before sunrise.
The clerk marks Master Venn as canceled.
The room is cleared and can be reassigned.
After cancellations, the overbooked guests are reviewed.
The cot guest Bram is now assigned to Morningside Loft.
Tonight's outcomes are final.
Master Venn / Morningside Loft: canceled, paid 38, refund 19
Lio the Cartographer / Fjord Bunk: confirmed, paid 20, refunded 0
Ariya / North Hall: confirmed, paid 16, refunded 0
Jorah: declined (insufficient room rights and no overbook room).
Kessa: declined (insufficient room rights and no overbook room).
Bram / Morningside Loft: overbook resolution, paid 28, extra refund 6
The clerk closes books.
Gross intake: 102
Net on-site: 77
Refunds issued: 25
