Night watch is stitched from nine symbols.
Symbol tally snapshot - Initial reading:
Moon: 0
Key: 0
River: 0
Fox: 0
Star: 0
Ash: 0
Dream first vision appears: moon.
Dream second vision appears: key.
Dream third vision appears: river.
Dream fourth vision appears: moon.
Dream fifth vision appears: fox.
Dream sixth vision appears: ash.
Dream seventh vision appears: star.
Dream eighth vision appears: river.
Dream ninth vision appears: key.
The symbols are reviewed in pattern order.
Symbol tally snapshot - After collection:
Moon: 2
Key: 2
River: 2
Fox: 1
Star: 1
Ash: 1
The moon-key-fox triad glows. A hidden gate reads your name.
This is the fox-key link, so hidden knowledge is likely reliable.
Tide and star align, suggesting a route is open before dawn.
A trace of ash warns of small sacrifice.
You wake before the bell.
Consequence selected:
The hidden gate opens under first light.
You walk a secret corridor to the archive vault and recover the lost charter.
