Room template assembly.
Room 1 --
Region: Rivergate
A long corridor of black stone lined with rusted hooks.
Hazard notice: A cracked rigging cable sways above the center path.
Mist crawls through the upper vents.
The floor is wet.
No trap pressure detected.
Room 2 --
Region: Cathedral Crypt
An echoing hall where statues watch over broken steps.
Hazard notice: A row of pressure plates is still warm from the last alarm.
The room is clear.
The floor is wet.
Alert beacons indicate active trap pressure.
Room 3 --
Region: Clockwork Loft
A cramped chamber full of windless cogs and loose chains.
No immediate hazard for this room.
Mist crawls through the upper vents.
The floor is dry.
Alert beacons indicate active trap pressure.
