Black-market processing started.
Cash on hand: 48
Heat marker: 6
Informant risk: 3
Trade 1: Arc Salt x 2
Cash spent 16 on Arc Salt.
Trade profit for Arc Salt: 22
Heat is now 8, informant risk 5.
Trade stays quiet for now.
Trade 2: Clock Oil x 2
Cash spent 28 on Clock Oil.
Trade profit for Clock Oil: 24
Heat is now 11, informant risk 8.
Trade stays quiet for now.
Trade 3: Cipher Grain x 3
Cash spent 27 on Cipher Grain.
Trade profit for Cipher Grain: 30
Heat is now 16, informant risk 13.
Heat spike detected: informant pressure 5.
Informant now doubts discretion. Extra heat added.
Heat threshold crossed.
Raid 1 response: heat 21, bribe quote 22.
Bribe paid. Route continues.
Trade 4: Ghost Iron x 3
Cash spent 36 on Ghost Iron.
Trade profit for Ghost Iron: 21
Heat is now 24, informant risk 19.
Heat spike detected: informant pressure 6.
Informant now doubts discretion. Extra heat added.
Heat threshold crossed.
Raid 2 response: heat 30, bribe quote 27.
Escape route executed under cover, goods moved.
All scheduled trades processed.
Heat final: 24
Informant risk final: 19
Informant loyalty final: 5
Goods on hand: 7
Raid events: 2
Heat alerts: 4
Cash end: 0
Escape outcome: escape with elevated heat.
