Wilderness forage rotation begins.
Season on entry: Autumn
Damp weather pressure: 15
Node 1: Riverbank Reeds
Preferred season: Autumn
Seasonal availability: 100%
Gathered bundles: 18
Spoilage rate: 17%
Spoiled bundles: 3
Usable bundles: 15
Preserved at camp: 5
Meal points from node: 50
Node 2: Pinecap Mushrooms
Preferred season: Summer
Seasonal availability: 68%
Gathered bundles: 10
Spoilage rate: 25%
Spoiled bundles: 2
Usable bundles: 8
Preserved at camp: 2
Meal points from node: 34
Node 3: Frostroot Patch
Preferred season: Winter
Seasonal availability: 68%
Gathered bundles: 8
Spoilage rate: 15%
Spoiled bundles: 1
Usable bundles: 7
Preserved at camp: 2
Meal points from node: 37
Node 4: Sunfruit Thicket
Preferred season: Spring
Seasonal availability: 40%
Gathered bundles: 6
Spoilage rate: 31%
Spoiled bundles: 1
Usable bundles: 5
Preserved at camp: 1
Meal points from node: 11
Node 5: Stoneleaf Terrace
Preferred season: Autumn
Seasonal availability: 100%
Gathered bundles: 14
Spoilage rate: 13%
Spoiled bundles: 1
Usable bundles: 13
Preserved at camp: 4
Meal points from node: 56
Foraging routes complete.
Node forage ledger:
Riverbank Reeds: raw 18, spoiled 3, usable 15, meal points 50
Pinecap Mushrooms: raw 10, spoiled 2, usable 8, meal points 34
Frostroot Patch: raw 8, spoiled 1, usable 7, meal points 37
Sunfruit Thicket: raw 6, spoiled 1, usable 5, meal points 11
Stoneleaf Terrace: raw 14, spoiled 1, usable 13, meal points 56
Camp kitchen summary:
Total raw bundles: 56
Total spoiled bundles: 8
Total usable bundles: 48
Preserved stores: 14
Spoilage share: 14%
Camp meals prepared: 26
Meal points left over: 6
Outcome: camp fed for the week with reserves.
