The customs lane narrows at dawn.
Inspection intensity: moderate.
Officer integrity: 3
Current cash available: 96
Inspection pass for Salted grain.
Risk score 3, inspection limit 12.
Clearance granted for Salted grain.
Inspection pass for Copper knives.
Risk score 13, inspection limit 12.
Seized value credited: 23.
Partial seizure of Copper knives.
Contraband warning.
Inspection pass for Moonglass idol.
Risk score 18, inspection limit 12.
Seized value credited: 74.
Full seizure of Moonglass idol.
Contraband removed.
Inspection pass for Herbal tincture.
Risk score 3, inspection limit 12.
Clearance granted for Herbal tincture.
Inspection pass for Signal powder.
Risk score 12, inspection limit 12.
Clearance granted for Signal powder.
Inspection complete.
Total checks: 5
Bribe attempts: 2
Accepted bribes: 0
Seizures: 2
Total value confiscated: 97
Cash remaining for travel: 0
No bribes passed this run.
