The fisheries master begins a measured harvest calendar.
Day 1
Day 1
Morning Shoals starts with stock 5, bait 4, depletion 0.
A catch is secured with quality 4.
A catch is secured with quality 2.
Pebble Mouth starts with stock 4, bait 3, depletion 0.
A catch is secured with quality 3.
A catch is secured with quality 1.
Mooring Line starts with stock 3, bait 5, depletion 0.
A catch is secured with quality 5.
A catch is secured with quality 3.
End of day after-day status:
Morning Shoals: stock 3, bait 2, depletion 4, catch quality 6
Pebble Mouth: stock 2, bait 1, depletion 4, catch quality 5
Mooring Line: stock 1, bait 3, depletion 4, catch quality 7
Total caught this season: 6
Total quality score: 18
Average quality: 3
Day 2
Morning Shoals starts with stock 5, bait 3, depletion 3.
A catch is secured with quality 1.
A catch is secured with quality 1.
Pebble Mouth starts with stock 4, bait 2, depletion 3.
A catch is secured with quality 1.
A catch is secured with quality 1.
Mooring Line starts with stock 3, bait 4, depletion 3.
A catch is secured with quality 2.
A catch is secured with quality 1.
End of day after-day status:
Morning Shoals: stock 3, bait 1, depletion 7, catch quality 6
Pebble Mouth: stock 2, bait 0, depletion 7, catch quality 5
Mooring Line: stock 1, bait 2, depletion 7, catch quality 7
Total caught this season: 12
Total quality score: 25
Average quality: 2
Day 3
Morning Shoals starts with stock 5, bait 2, depletion 6.
A catch is secured with quality 1.
A catch is secured with quality 1.
Pebble Mouth starts with stock 4, bait 1, depletion 6.
A catch is secured with quality 1.
The cast lands bare at this spot.
Mooring Line starts with stock 3, bait 3, depletion 6.
A catch is secured with quality 1.
A catch is secured with quality 1.
End of day after-day status:
Morning Shoals: stock 3, bait 0, depletion 10, catch quality 6
Pebble Mouth: stock 3, bait 0, depletion 8, catch quality 5
Mooring Line: stock 1, bait 1, depletion 10, catch quality 7
Total caught this season: 17
Total quality score: 30
Average quality: 1
Harvest cycle ends.
Final after-day status:
Morning Shoals: stock 5, bait 1, depletion 9, catch quality 6
Pebble Mouth: stock 4, bait 1, depletion 7, catch quality 5
Mooring Line: stock 3, bait 2, depletion 9, catch quality 7
Total caught this season: 17
Total quality score: 30
Average quality: 1
