Library branch daybook starts.
Day 1 begins.
Borrowed book "Civic Charters" reaches due point.
Day 1 snapshot
Membership: Silver (score 34)
Active borrowed books: 2
Outstanding fines: 0
Privileges: standard + rare access, up to 2 books
Introductory Herbology due in 2, overdue 0
Civic Charters due in 0, overdue 0
Empty slot.
Empty slot.
Day 2 begins.
Late fee accumulates on "Civic Charters".
Civic Charters returned late by 1 day(s).
Request Guild Ledger arrives on day 2 for Silver member.
Borrowing approved.
Day 2 snapshot
Membership: Silver (score 34)
Active borrowed books: 2
Outstanding fines: 2
Privileges: standard + rare access, up to 2 books
Introductory Herbology due in 1, overdue 0
Guild Ledger due in 2, overdue 0
Empty slot.
Empty slot.
Day 3 begins.
Borrowed book "Introductory Herbology" reaches due point.
Request Archive Cartography arrives on day 3 for Silver member.
Request denied: Archive Cartography requires higher tier.
Day 3 snapshot
Membership: Silver (score 34)
Active borrowed books: 2
Outstanding fines: 2
Privileges: standard + rare access, up to 2 books
Introductory Herbology due in 0, overdue 0
Guild Ledger due in 1, overdue 0
Empty slot.
Empty slot.
Day 4 begins.
Late fee accumulates on "Introductory Herbology".
Borrowed book "Guild Ledger" reaches due point.
Request Folk Tales arrives on day 4 for Silver member.
Request denied: Folk Tales exceeds concurrent borrowing limit.
Day 4 snapshot
Membership: Silver (score 31)
Active borrowed books: 2
Outstanding fines: 5
Privileges: standard + rare access, up to 2 books
Introductory Herbology due in 0, overdue 1
Guild Ledger due in 0, overdue 0
Empty slot.
Empty slot.
Day 5 begins.
Late fee accumulates on "Introductory Herbology".
Late fee accumulates on "Guild Ledger".
Introductory Herbology returned late by 2 day(s).
Day 5 snapshot
Membership: Bronze (score 23)
Active borrowed books: 1
Outstanding fines: 10
Privileges: standard access, up to 1 book
Empty slot.
Guild Ledger due in 0, overdue 1
Empty slot.
Empty slot.
Day 6 begins.
Late fee accumulates on "Guild Ledger".
Day 6 snapshot
Membership: Bronze (score 20)
Active borrowed books: 1
Outstanding fines: 13
Privileges: standard access, up to 1 book
Empty slot.
Guild Ledger due in 0, overdue 2
Empty slot.
Empty slot.
All six-day checks complete.
Library month-end report:
Final tier: Bronze
Membership score: 20
Overdue fines accrued: 13
Requests denied: 2
Outstanding books:
Empty slot.
Guild Ledger due in 0, overdue 2
Empty slot.
Empty slot.
Access status: standard access, up to 1 book
