Curse cleansing cycle starts.
Curse layers: Initial state
Stonebound Knot: taint 11, resistance 8, state violent
Salt-Wind Loop: taint 9, resistance 6, state bound
Mirror Throat: taint 13, resistance 10, state violent
Bloodline Sigil: taint 7, resistance 5, state bound
Night-Water Pool: taint 10, resistance 7, state bound
Rite 1 on Stonebound Knot
stabilize with focus 9 and vigor 3.
Stonebound Knot loosens from the binding but does not clear.
Rite 2 on Salt-Wind Loop
seal with focus 7 and vigor 4.
Salt-Wind Loop loosens from the binding but does not clear.
Rite 3 on Mirror Throat
drain with focus 8 and vigor 2.
Mirror Throat resists and rebounds.
Backlash pulse. Adjacent bindings destabilize.
Rite 4 on Bloodline Sigil
bind with focus 6 and vigor 5.
Bloodline Sigil loosens from the binding but does not clear.
Rite 5 on Salt-Wind Loop
stabilize with focus 10 and vigor 1.
Salt-Wind Loop loosens from the binding but does not clear.
Rite 6 on Night-Water Pool
drain with focus 7 and vigor 3.
Night-Water Pool loosens from the binding but does not clear.
Rite 7 on Mirror Throat
bind with focus 11 and vigor 2.
Mirror Throat loosens from the binding but does not clear.
Curse layers: After rites
Stonebound Knot: taint 7, resistance 8, state bound
Salt-Wind Loop: taint 1, resistance 6, state thin
Mirror Throat: taint 8, resistance 10, state bound
Bloodline Sigil: taint 4, resistance 5, state thin
Night-Water Pool: taint 7, resistance 7, state bound
Final cleansing review.
Cleanse outcomes:
Full rites: 0
Partial rites: 6
Failed rites: 1
Layer states:
Sealed 0
Thin 2
Bound 3
Wild 0
Backlash meter: 0
Result: Cleansing failed. Curse remains dominant.
Most volatile layer: Mirror Throat
Curse layers: Final state
Stonebound Knot: taint 7, resistance 8, state bound
Salt-Wind Loop: taint 1, resistance 6, state thin
Mirror Throat: taint 8, resistance 10, state bound
Bloodline Sigil: taint 4, resistance 5, state thin
Night-Water Pool: taint 7, resistance 7, state bound
