The hall opens for a night run.
Tonight's initial slots are set.
Song queued: Rising Drumline.
Energy cost 12 drops stamina by that amount.
Song queued: Lantern March.
Energy cost 8 drops stamina by that amount.
Song queued: Midnight Finale.
Energy cost 11 drops stamina by that amount.
Song queued: Open Path Waltz.
Energy cost 6 drops stamina by that amount.
Song queued: Fading Ember Ballad.
Energy cost 5 drops stamina by that amount.
The crowd requests an encore.
Encore song lands with bright response.
Performance ends.
Setlist swaps: 5
Songs fully performed: 6
Audience mood: 96
Performer stamina left: 21
Crowd reception index: 72
Final reception: roaring approval.
Encore was unlocked and delivered.
