Masquerade identity tracking begins.
Scene: Lantern Court
Alias Lady Veya appears as Amber Conservator.
Required access tier: 1
Reveal risk: 0
Suspicion climbs by 1 to 3.
Social access granted at Lantern Court.
Scene: Archive Gallery
Alias Master Corin appears as Wine Factor.
Required access tier: 2
Reveal risk: 0
Suspicion climbs by 2 to 5.
Social access granted at Archive Gallery.
Scene: Amber Salon
Alias Sister Iri appears as Temple Auditor.
Required access tier: 2
Reveal risk: 1
Suspicion climbs by 2 to 7.
Social access granted at Amber Salon.
Scene: Cardinal Stair
Alias Captain Rohe appears as Retired Cavalry.
Required access tier: 3
Reveal risk: 10
Suspicion climbs by 6 to 10.
Access stalls under suspicion review.
Scene: Whisper Balcony
Alias Lady Veya appears as Amber Conservator.
Required access tier: 2
Reveal risk: 0
Suspicion climbs by 3 to 6.
Social access granted at Whisper Balcony.
Scene: Signet Bridge
Alias Master Corin appears as Wine Factor.
Required access tier: 3
Reveal risk: 8
Suspicion climbs by 6 to 11.
Social access granted at Signet Bridge.
Scene: Moon Vault Antechamber
Alias Sister Iri appears as Temple Auditor.
Required access tier: 3
Reveal risk: 21
Suspicion climbs by 12 to 19.
Reveal check fails for Sister Iri. True house exposed.
Scene: Final Toast Hall
Alias Captain Rohe appears as Retired Cavalry.
Required access tier: 2
Reveal risk: 7
Suspicion climbs by 3 to 16.
Social access granted at Final Toast Hall.
Reveal checks complete.
Masquerade summary.
Successful entries: 6
Blocked entries: 2
Reveals: 1
Elite access entries: 1
Lady Veya stays covered. Suspicion 6, composure 10
Master Corin stays covered. Suspicion 11, composure 8
Sister Iri of House Sable is revealed. Suspicion 19, composure 6
Captain Rohe stays covered. Suspicion 16, composure 6
Peak suspicion: Sister Iri (19)
Outcome: social access is partial and identities are strained.
