Aggro threat table probe.
Threat table: Initial
goblin: threat 0 alive.
skeleton: threat 0 alive.
golem: threat 0 alive.
shadow: threat 0 alive.
Rogue applies 8 threat to goblin.
goblin now at 8 threat.
Current aggro target is goblin with 8 threat.
Mage applies 8 threat to skeleton.
skeleton now at 8 threat.
Current aggro target is goblin with 8 threat.
Healer applies 10 threat to golem.
golem now at 10 threat.
Current aggro target is golem with 10 threat.
Rogue applies 3 threat to skeleton.
skeleton now at 11 threat.
Current aggro target is skeleton with 11 threat.
Mage applies 2 threat to goblin.
goblin now at 10 threat.
Current aggro target is skeleton with 11 threat.
Rogue applies 15 threat to shadow.
shadow now at 15 threat.
Current aggro target is shadow with 15 threat.
Healer applies 5 threat to golem.
golem now at 15 threat.
Current aggro target is golem with 15 threat.
Threat table: After actions
goblin: threat 10 alive.
skeleton: threat 11 alive.
golem: threat 15 alive.
shadow: threat 15 alive.
skeleton drops from the fight.
Current aggro target is golem with 15 threat.
Threat table: After silence on skeleton
goblin: threat 10 alive.
skeleton: threat 11 down.
golem: threat 15 alive.
shadow: threat 15 alive.
