Memory flags steering scene variants.
First attempt at the city gate --
The guards keep their halberds close. No name, no seal, no witness.
Reputation shift and consequence applied.
Current flags --
Ally met: false.
Forged pass: false.
Alarm raised: false.
Reputation: -1. Suspicion: 2. Supplies: 10.
You find a forged civic seal.
Second attempt after scouting --
A forged pass helps, but the ward has already marked the seal as suspicious.
Reputation shift and consequence applied.
Current flags --
Ally met: false.
Forged pass: true.
Alarm raised: false.
Reputation: 0. Suspicion: 1. Supplies: 9.
An old quartermaster recognizes you through the smoke.
Third attempt after the ally arrives --
Your ally vouches for you and the forged pass slides through a narrow watch.
Reputation shift and consequence applied.
Current flags --
Ally met: true.
Forged pass: true.
Alarm raised: false.
Reputation: 3. Suspicion: 0. Supplies: 8.
The ward bell begins ringing across the outer lane.
Fourth attempt after alarms --
Your ally, forged pass, and raised alarm create a chaotic but usable escape.
Reputation shift and consequence applied.
Current flags --
Ally met: true.
Forged pass: true.
Alarm raised: true.
Reputation: 5. Suspicion: 2. Supplies: 5.
Final state --
Reputation: 5
Suspicion: 2
Supplies: 5
Result interpretation:
You pass through with manageable scrutiny.
