Scene interrupt priority queue.
Opening tension
Interrupts queued (Queued):
Hero cut-in p=95 active=true valid=true once=true delivered=false
Scout signal p=70 active=true valid=true once=true delivered=false
Alarm chime p=70 active=true valid=true once=false delivered=false
Emergency broadcast p=120 active=false valid=false once=false delivered=false
Hero cut-in interrupts with priority 95.
Hero muted
Interrupts queued (Queued):
Hero cut-in p=95 active=true valid=false once=true delivered=true
Scout signal p=70 active=true valid=true once=true delivered=false
Alarm chime p=70 active=true valid=true once=false delivered=false
Emergency broadcast p=120 active=false valid=false once=false delivered=false
Scout signal interrupts with priority 70.
Scout silent
Interrupts queued (Queued):
Hero cut-in p=95 active=true valid=false once=true delivered=true
Scout signal p=70 active=true valid=false once=true delivered=true
Alarm chime p=70 active=true valid=true once=false delivered=false
Emergency broadcast p=120 active=false valid=false once=false delivered=false
Alarm chime interrupts with priority 70.
Emergency override
Interrupts queued (Queued):
Hero cut-in p=95 active=true valid=false once=true delivered=true
Scout signal p=70 active=true valid=false once=true delivered=true
Alarm chime p=70 active=true valid=true once=false delivered=false
Emergency broadcast p=120 active=true valid=true once=false delivered=false
Emergency broadcast interrupts with priority 120.
