Guild quarter review.
Current guild reputation: 34
Treasury reserve: 210
Starting roster snapshot:
Alaric: rank 1, rep 12, dues 4, tasks ok 0 fail 0, active
Nemi: rank 2, rep 9, dues 11, tasks ok 0 fail 0, active
Vex: rank 1, rep 4, dues 9, tasks ok 0 fail 0, active
Task 1: Ward Repair assigned to Alaric.
Task outcome: success.
Task 2: Gate Audit assigned to Nemi.
Task outcome: partial.
Task 3: Courier Route assigned to Vex.
Task outcome: success.
Task 4: Silent Escort assigned to Nemi.
Task outcome: failed.
Task 5: Patrol Duty assigned to Vex.
Task outcome: failed.
Task 6: Rift Repair assigned to Alaric.
Task outcome: success.
Task book processed.
Evaluating promotion and demotion.
Alaric earns a promotion.
Nemi is demoted this quarter.
Vex is demoted this quarter.
Final roster snapshot:
Alaric: rank 2, rep 17, dues 1, tasks ok 2 fail 0, active
Nemi: rank 1, rep 3, dues 18, tasks ok 1 fail 1, active
Vex: rank 0, rep 4, dues 10, tasks ok 1 fail 1, active
Guild reputation: 33
Completed tasks: 4
Failed tasks: 2
Dues pool delta: 5
Promotions issued: 1
Demotions enforced: 2
Treasury: 223
Current dues burden by member:
Alaric 1
Nemi 18
Vex 10
