The city debates tomorrow's election.
Election bloc snapshot: Opening week
Bloc Harbors: Aria 48 percent / Bran 37 percent / Undecided 15 percent
Bloc Guilds: Aria 39 percent / Bran 45 percent / Undecided 16 percent
Bloc Scholars: Aria 44 percent / Bran 41 percent / Undecided 15 percent
Bloc Canal Villages: Aria 50 percent / Bran 34 percent / Undecided 16 percent
Bloc North Gate: Aria 35 percent / Bran 56 percent / Undecided 9 percent
Aria hosts Dock Workers Rally, targeting Harbors.
Election bloc snapshot: Dock Workers Rally
Bloc Harbors: Aria 54 percent / Bran 39 percent / Undecided 7 percent
Bloc Guilds: Aria 39 percent / Bran 45 percent / Undecided 16 percent
Bloc Scholars: Aria 44 percent / Bran 41 percent / Undecided 15 percent
Bloc Canal Villages: Aria 50 percent / Bran 34 percent / Undecided 16 percent
Bloc North Gate: Aria 35 percent / Bran 56 percent / Undecided 9 percent
End of Dock Workers Rally --
Current bloc readout:
Election bloc snapshot: current
Bloc Harbors: Aria 54 percent / Bran 39 percent / Undecided 7 percent
Bloc Guilds: Aria 39 percent / Bran 45 percent / Undecided 16 percent
Bloc Scholars: Aria 44 percent / Bran 41 percent / Undecided 15 percent
Bloc Canal Villages: Aria 50 percent / Bran 34 percent / Undecided 16 percent
Bloc North Gate: Aria 35 percent / Bran 56 percent / Undecided 9 percent
Budget swings for campaign outreach:
Aria campaign budget: 2
Bran campaign budget: 1
Bran leads Guild Ledger Hearing, targeting Guilds.
Election bloc snapshot: Guild Ledger Hearing
Bloc Harbors: Aria 54 percent / Bran 39 percent / Undecided 7 percent
Bloc Guilds: Aria 36 percent / Bran 49 percent / Undecided 15 percent
Bloc Scholars: Aria 44 percent / Bran 41 percent / Undecided 15 percent
Bloc Canal Villages: Aria 50 percent / Bran 34 percent / Undecided 16 percent
Bloc North Gate: Aria 35 percent / Bran 56 percent / Undecided 9 percent
End of Guild Ledger Hearing --
Current bloc readout:
Election bloc snapshot: current
Bloc Harbors: Aria 54 percent / Bran 39 percent / Undecided 7 percent
Bloc Guilds: Aria 36 percent / Bran 49 percent / Undecided 15 percent
Bloc Scholars: Aria 44 percent / Bran 41 percent / Undecided 15 percent
Bloc Canal Villages: Aria 50 percent / Bran 34 percent / Undecided 16 percent
Bloc North Gate: Aria 35 percent / Bran 56 percent / Undecided 9 percent
Budget swings for campaign outreach:
Aria campaign budget: 2
Bran campaign budget: 1
A major bloc leans publicly toward Bran.
Bloc Scholars: Aria 44 percent / Bran 45 percent / Undecided 11 percent
Aria hosts University Policy Forum, targeting Scholars.
Election bloc snapshot: University Policy Forum
Bloc Harbors: Aria 54 percent / Bran 39 percent / Undecided 7 percent
Bloc Guilds: Aria 36 percent / Bran 49 percent / Undecided 15 percent
Bloc Scholars: Aria 48 percent / Bran 43 percent / Undecided 9 percent
Bloc Canal Villages: Aria 50 percent / Bran 34 percent / Undecided 16 percent
Bloc North Gate: Aria 35 percent / Bran 56 percent / Undecided 9 percent
End of University Policy Forum --
Current bloc readout:
Election bloc snapshot: current
Bloc Harbors: Aria 54 percent / Bran 39 percent / Undecided 7 percent
Bloc Guilds: Aria 36 percent / Bran 49 percent / Undecided 15 percent
Bloc Scholars: Aria 48 percent / Bran 43 percent / Undecided 9 percent
Bloc Canal Villages: Aria 50 percent / Bran 34 percent / Undecided 16 percent
Bloc North Gate: Aria 35 percent / Bran 56 percent / Undecided 9 percent
Budget swings for campaign outreach:
Aria campaign budget: 2
Bran campaign budget: 1
Public records release Broken Contracts, targeting Aria.
The North Gate patrol block endorses Bran.
Bloc North Gate: Aria 28 percent / Bran 61 percent / Undecided 11 percent
Aria hosts Canal Repair Promise, targeting Canal Villages.
Election bloc snapshot: Canal Repair Promise
Bloc Harbors: Aria 47 percent / Bran 40 percent / Undecided 13 percent
Bloc Guilds: Aria 29 percent / Bran 50 percent / Undecided 21 percent
Bloc Scholars: Aria 41 percent / Bran 44 percent / Undecided 15 percent
Bloc Canal Villages: Aria 48 percent / Bran 34 percent / Undecided 18 percent
Bloc North Gate: Aria 28 percent / Bran 61 percent / Undecided 11 percent
End of Canal Repair Promise --
Current bloc readout:
Election bloc snapshot: current
Bloc Harbors: Aria 47 percent / Bran 40 percent / Undecided 13 percent
Bloc Guilds: Aria 29 percent / Bran 50 percent / Undecided 21 percent
Bloc Scholars: Aria 41 percent / Bran 44 percent / Undecided 15 percent
Bloc Canal Villages: Aria 48 percent / Bran 34 percent / Undecided 18 percent
Bloc North Gate: Aria 28 percent / Bran 61 percent / Undecided 11 percent
Budget swings for campaign outreach:
Aria campaign budget: 2
Bran campaign budget: 1
Public records release Harbor Ledger Leak, targeting Aria.
The harbor union chamber endorses Bran.
Bloc Harbors: Aria 42 percent / Bran 45 percent / Undecided 13 percent
Bran leads Late Debate, targeting North Gate.
Election bloc snapshot: Late Debate
Bloc Harbors: Aria 42 percent / Bran 45 percent / Undecided 13 percent
Bloc Guilds: Aria 24 percent / Bran 51 percent / Undecided 25 percent
Bloc Scholars: Aria 36 percent / Bran 45 percent / Undecided 19 percent
Bloc Canal Villages: Aria 43 percent / Bran 35 percent / Undecided 22 percent
Bloc North Gate: Aria 24 percent / Bran 65 percent / Undecided 11 percent
End of Late Debate --
Current bloc readout:
Election bloc snapshot: current
Bloc Harbors: Aria 42 percent / Bran 45 percent / Undecided 13 percent
Bloc Guilds: Aria 24 percent / Bran 51 percent / Undecided 25 percent
Bloc Scholars: Aria 36 percent / Bran 45 percent / Undecided 19 percent
Bloc Canal Villages: Aria 43 percent / Bran 35 percent / Undecided 22 percent
Bloc North Gate: Aria 24 percent / Bran 65 percent / Undecided 11 percent
Budget swings for campaign outreach:
Aria campaign budget: 2
Bran campaign budget: 1
Public records release Unverified Rumor, targeting Bran.
Election bloc snapshot: Final week
Bloc Harbors: Aria 43 percent / Bran 43 percent / Undecided 14 percent
Bloc Guilds: Aria 25 percent / Bran 49 percent / Undecided 26 percent
Bloc Scholars: Aria 37 percent / Bran 43 percent / Undecided 20 percent
Bloc Canal Villages: Aria 44 percent / Bran 33 percent / Undecided 23 percent
Bloc North Gate: Aria 25 percent / Bran 63 percent / Undecided 12 percent
Election totals:
Aria votes: 129
Bran votes: 171
Bran wins tonight's election.
Margin: 42
Coalition math now favors a hard-line budget.
Turnout capacity snapshot:
Bloc Harbors: 84 voters
Bloc Guilds: 102 voters
Bloc Scholars: 63 voters
Bloc Canal Villages: 71 voters
Bloc North Gate: 58 voters
Undecided total: 71
Scandal heat index:
Aria: 2
Bran: 1
