Trading-card deck synergy simulation begins.
Pick 1: Wildroot Guardian [Grove] cost 2, power 4
Pick 2: Ember Duelist [Flame] cost 2, power 5
Pick 3: Canopy Warden [Grove] cost 3, power 7
Pick 4: Coral Channeler [Tide] cost 3, power 6
Pick 5: Lava Cartographer [Flame] cost 3, power 7
Pick 6: Arc Relay [Spark] cost 1, power 3
Pick 7: Reef Tactician [Tide] cost 2, power 5
Pick 8: Storm Diagram [Spark] cost 3, power 6
Deck assembly complete.
Draw 1: Wildroot Guardian [Grove]
Combo gain: 0
Tempo swing: 2
Draw 2: Coral Channeler [Tide]
Combo gain: 3
Tempo swing: 3
Draw 3: Ember Duelist [Flame]
Combo gain: 5
Tempo swing: 3
Draw 4: Lava Cartographer [Flame]
Combo gain: 2
Tempo swing: 4
Draw 5: Canopy Warden [Grove]
Combo gain: 1
Tempo swing: 4
Draw 6: Reef Tactician [Tide]
Combo gain: 3
Tempo swing: 3
Draw 7: Arc Relay [Spark]
Combo gain: 1
Tempo swing: 2
Draw 8: Storm Diagram [Spark]
Combo gain: 2
Tempo swing: 3
Draw sequence complete.
Final deck list:
Slot 1: Wildroot Guardian [Grove] cost 2 power 4
Slot 2: Ember Duelist [Flame] cost 2 power 5
Slot 3: Canopy Warden [Grove] cost 3 power 7
Slot 4: Coral Channeler [Tide] cost 3 power 6
Slot 5: Lava Cartographer [Flame] cost 3 power 7
Slot 6: Arc Relay [Spark] cost 1 power 3
Slot 7: Reef Tactician [Tide] cost 2 power 5
Slot 8: Storm Diagram [Spark] cost 3 power 6
Match report:
Flame cards: 2
Tide cards: 2
Grove cards: 2
Spark cards: 2
Deck power total: 43
Type synergy total: 34
Draw combo total: 17
Tempo total: 24
Opponent target: 92
Final match score: 118
Result: decisive win through synergy pressure.
