Mentor training cycle starts.
Mentor roster: Initial
Aiden progress 0 fatigue 0 mastery 0 status unassigned assignments 0
Brielle progress 0 fatigue 0 mastery 0 status unassigned assignments 0
Chen progress 0 fatigue 0 mastery 0 status unassigned assignments 0
Dara progress 0 fatigue 0 mastery 0 status unassigned assignments 0
Training session 1
Aiden studies Pattern Read.
Aiden gains 20 progress (now 20), fatigue 9.
Brielle studies Pattern Read.
Brielle gains 24 progress (now 24), fatigue 9.
Chen studies Mentor Dialogue.
Chen gains 10 progress (now 10), fatigue 7.
Dara studies Pattern Read.
Dara gains 22 progress (now 22), fatigue 9.
Session 1 check.
Current standings:
Novice 4
Intermediate 0
Advanced 0
Master 0
Burned out 0
Training session 2
Aiden studies Live Drill.
Aiden gains 19 progress (now 39), fatigue 20.
Brielle studies Live Drill.
Brielle gains 23 progress (now 47), fatigue 20.
Chen studies Pattern Read.
Chen gains 18 progress (now 28), fatigue 15.
Dara studies Live Drill.
Dara gains 21 progress (now 43), fatigue 20.
Session 2 check.
Current standings:
Novice 4
Intermediate 0
Advanced 0
Master 0
Burned out 0
Training session 3
Aiden studies Live Drill.
Aiden gains 17 progress (now 56), fatigue 33.
Brielle studies Live Drill.
Brielle gains 21 progress (now 68), fatigue 33.
Chen studies Live Drill.
Chen gains 14 progress (now 42), fatigue 28.
Dara studies Live Drill.
Dara gains 19 progress (now 62), fatigue 33.
Session 3 check.
Current standings:
Novice 4
Intermediate 0
Advanced 0
Master 0
Burned out 0
Training session 4
Aiden studies Live Drill.
Aiden gains 18 progress (now 74), fatigue 45.
Brielle unlocks intermediate.
Brielle gains 22 progress (now 90), fatigue 45.
Chen studies Live Drill.
Chen gains 15 progress (now 57), fatigue 40.
Dara studies Live Drill.
Dara gains 20 progress (now 82), fatigue 45.
Session 4 check.
Current standings:
Novice 3
Intermediate 1
Advanced 0
Master 0
Burned out 0
Training session 5
Burnout prevented Aiden from finishing Live Drill in this session.
Burnout prevented Brielle from finishing Live Drill in this session.
Burnout prevented Chen from finishing Pattern Read in this session.
Burnout prevented Dara from finishing Live Drill in this session.
Session 5 check.
Current standings:
Novice 0
Intermediate 0
Advanced 0
Master 0
Burned out 4
Mentor roster: Final
Aiden progress 74 fatigue 45 mastery 0 status burned_out assignments 5
Brielle progress 90 fatigue 48 mastery 1 status burned_out assignments 5
Chen progress 57 fatigue 42 mastery 0 status burned_out assignments 5
Dara progress 82 fatigue 46 mastery 0 status burned_out assignments 5
Final training outcome.
Total lessons taught: 20
Total mastery points unlocked: 1
Burnout events: 4
Masters: 0
Advanced: 0
Novices: 0
Lesson log:
Burnout risk must be managed before planning additional cohorts.
