Watch cycle begins for the long passage.
Day 1 weather condition: night_mist, pressure 2.
Current crew status.
Nera | watch_count 1 | fatigue 4 | morale 21
Quill | watch_count 1 | fatigue 3 | morale 18
Rook | watch_count 1 | fatigue 3 | morale 20
Day 1 mutiny risk score: 19
Crew remains stable under watch pressure.
Day 2 weather condition: crosswind, pressure 5.
Current crew status.
Nera | watch_count 2 | fatigue 6 | morale 19
Quill | watch_count 1 | fatigue 2 | morale 19
Rook | watch_count 2 | fatigue 5 | morale 18
Day 2 mutiny risk score: 28
Mutiny risk is elevated; senior command should rotate decks.
Day 3 weather condition: heavy_storm, pressure 8.
Current crew status.
Nera | watch_count 2 | fatigue 5 | morale 19
Quill | watch_count 2 | fatigue 4 | morale 15
Rook | watch_count 3 | fatigue 7 | morale 14
Day 3 mutiny risk score: 42
Warning: mutiny risk is critical. Watches can no longer continue as scheduled.
Day 4 weather condition: choppy_swell, pressure 6.
Current crew status.
Nera | watch_count 3 | fatigue 7 | morale 16
Quill | watch_count 2 | fatigue 3 | morale 16
Rook | watch_count 4 | fatigue 9 | morale 10
Day 4 mutiny risk score: 49
Warning: mutiny risk is critical. Watches can no longer continue as scheduled.
Day 5 weather condition: clear_breeze, pressure 3.
Current crew status.
Nera | watch_count 4 | fatigue 9 | morale 13
Quill | watch_count 3 | fatigue 5 | morale 14
Rook | watch_count 5 | fatigue 11 | morale 7
Day 5 mutiny risk score: 60
Warning: mutiny risk is critical. Watches can no longer continue as scheduled.
Final watch completion summary.
Current crew status.
Nera | watch_count 4 | fatigue 9 | morale 13
Quill | watch_count 3 | fatigue 5 | morale 14
Rook | watch_count 5 | fatigue 11 | morale 7
Final mutiny risk score: 57
Warning: mutiny risk is critical at voyage close.
Watch burden:
Nera watched 4 shifts.
Quill watched 3 shifts.
Rook watched 5 shifts.
