Rumor landscape over days.
Initial --
Rumor 501 by Market Bell
Claim: The harbor tax is canceled for a week.
Strength: 6 | Source reliability: 72
Rumor 502 by Captain Rook
Claim: A second patrol now circles the old east gate.
Strength: 3 | Source reliability: 66
Rumor 503 by Oracle
Claim: The river bridge will be repaired after the flood week.
Strength: -2 | Source reliability: 58
Public belief:
Trade: 50
Guards: 47
Bridge: 51
Day 1 --
"Market Bell" rumor "The harbor tax is canceled for a week." drifts to strength 4.
"Captain Rook" rumor "A second patrol now circles the old east gate." drifts to strength 1.
The crowd loses interest in "The river bridge will be repaired after the flood week.".
Rumor "The harbor tax is canceled for a week." is heard again in topic trade. Delta 4. Mentions for Market Bell: 1.
Public belief gains 5 from "The harbor tax is canceled for a week." on trade.
Public belief gains 1 from "A second patrol now circles the old east gate." on guards.
Public belief gains 0 from "The river bridge will be repaired after the flood week." on bridge.
No measurable shift from "The river bridge will be repaired after the flood week.".
After day 1 --
Rumor 501 by Market Bell
Claim: The harbor tax is canceled for a week.
Strength: 8 | Source reliability: 73
Rumor 502 by Captain Rook
Claim: A second patrol now circles the old east gate.
Strength: 1 | Source reliability: 66
Rumor 503 by Oracle
Claim: The river bridge will be repaired after the flood week.
Strength: 0 | Source reliability: 58
Public belief:
Trade: 55
Guards: 48
Bridge: 51
Day 2 --
"Market Bell" rumor "The harbor tax is canceled for a week." drifts to strength 6.
The crowd loses interest in "A second patrol now circles the old east gate.".
The crowd loses interest in "The river bridge will be repaired after the flood week.".
Rumor "A second patrol now circles the old east gate." is heard again in topic guards. Delta 3. Mentions for Captain Rook: 1.
Rumor "The river bridge will be repaired after the flood week." is heard again in topic bridge. Delta -3. Mentions for Oracle: 1.
Public belief gains 4 from "The harbor tax is canceled for a week." on trade.
Public belief gains 1 from "A second patrol now circles the old east gate." on guards.
Public belief loses 2 from "The river bridge will be repaired after the flood week." on bridge.
After day 2 --
Rumor 501 by Market Bell
Claim: The harbor tax is canceled for a week.
Strength: 6 | Source reliability: 74
Rumor 502 by Captain Rook
Claim: A second patrol now circles the old east gate.
Strength: 3 | Source reliability: 66
Rumor 503 by Oracle
Claim: The river bridge will be repaired after the flood week.
Strength: -3 | Source reliability: 58
Public belief:
Trade: 59
Guards: 49
Bridge: 49
Day 3 --
"Market Bell" rumor "The harbor tax is canceled for a week." drifts to strength 4.
"Captain Rook" rumor "A second patrol now circles the old east gate." drifts to strength 1.
"Oracle" rumor "The river bridge will be repaired after the flood week." drifts to strength -1.
Rumor "The harbor tax is canceled for a week." is heard again in topic trade. Delta -2. Mentions for Market Bell: 2.
Rumor "The river bridge will be repaired after the flood week." is heard again in topic bridge. Delta 5. Mentions for Oracle: 2.
Public belief gains 2 from "The harbor tax is canceled for a week." on trade.
Public belief gains 1 from "A second patrol now circles the old east gate." on guards.
Public belief gains 3 from "The river bridge will be repaired after the flood week." on bridge.
After day 3 --
Rumor 501 by Market Bell
Claim: The harbor tax is canceled for a week.
Strength: 2 | Source reliability: 74
Rumor 502 by Captain Rook
Claim: A second patrol now circles the old east gate.
Strength: 1 | Source reliability: 66
Rumor 503 by Oracle
Claim: The river bridge will be repaired after the flood week.
Strength: 4 | Source reliability: 58
Public belief:
Trade: 61
Guards: 50
Bridge: 52
Day 4 --
The crowd loses interest in "The harbor tax is canceled for a week.".
The crowd loses interest in "A second patrol now circles the old east gate.".
"Oracle" rumor "The river bridge will be repaired after the flood week." drifts to strength 2.
Rumor "A second patrol now circles the old east gate." is heard again in topic guards. Delta 1. Mentions for Captain Rook: 2.
Public belief gains 1 from "The harbor tax is canceled for a week." on trade.
Public belief gains 1 from "A second patrol now circles the old east gate." on guards.
Public belief gains 1 from "The river bridge will be repaired after the flood week." on bridge.
After day 4 --
Rumor 501 by Market Bell
Claim: The harbor tax is canceled for a week.
Strength: 0 | Source reliability: 74
Rumor 502 by Captain Rook
Claim: A second patrol now circles the old east gate.
Strength: 1 | Source reliability: 66
Rumor 503 by Oracle
Claim: The river bridge will be repaired after the flood week.
Strength: 2 | Source reliability: 58
Public belief:
Trade: 62
Guards: 51
Bridge: 53
Day 5 --
The crowd loses interest in "The harbor tax is canceled for a week.".
The crowd loses interest in "A second patrol now circles the old east gate.".
The crowd loses interest in "The river bridge will be repaired after the flood week.".
Rumor "The harbor tax is canceled for a week." is heard again in topic trade. Delta -1. Mentions for Market Bell: 3.
Rumor "The river bridge will be repaired after the flood week." is heard again in topic bridge. Delta -2. Mentions for Oracle: 3.
Public belief loses 0 from "The harbor tax is canceled for a week." on trade.
No measurable shift from "The harbor tax is canceled for a week.".
Public belief gains 0 from "A second patrol now circles the old east gate." on guards.
No measurable shift from "A second patrol now circles the old east gate.".
Public belief loses 1 from "The river bridge will be repaired after the flood week." on bridge.
After day 5 --
Rumor 501 by Market Bell
Claim: The harbor tax is canceled for a week.
Strength: -1 | Source reliability: 74
Rumor 502 by Captain Rook
Claim: A second patrol now circles the old east gate.
Strength: 0 | Source reliability: 66
Rumor 503 by Oracle
Claim: The river bridge will be repaired after the flood week.
Strength: -2 | Source reliability: 58
Public belief:
Trade: 62
Guards: 51
Bridge: 52
Final civic belief readout.
Public belief:
Trade: 62
Guards: 51
Bridge: 52
