Status scheduler starts.
Tick 1.
No new status entered this tick.
Status slot 101 (Poison) deals 2 and now has 2 ticks left.
Status slot 102 (Burn) is idle.
Status slot 103 (Chill) is idle.
Tick 2.
Burn enters on slot 2 for 2 ticks.
Status slot 101 (Poison) deals 2 and now has 1 ticks left.
Status slot 102 (Burn) deals 4 and now has 1 ticks left.
Status slot 103 (Chill) is idle.
Tick 3.
No new status entered this tick.
Status slot 101 (Poison) deals 2 and now has 0 ticks left.
Status slot 101 (Poison) expires.
Status slot 102 (Burn) deals 4 and now has 0 ticks left.
Status slot 102 (Burn) expires.
Status slot 103 (Chill) is idle.
Tick 4.
No new status entered this tick.
Status slot 101 (Poison) is idle.
Status slot 102 (Burn) is idle.
Status slot 103 (Chill) is idle.
Tick 5.
No new status entered this tick.
Status slot 101 (Poison) is idle.
Status slot 102 (Burn) is idle.
Status slot 103 (Chill) is idle.
Tick 6.
No new status entered this tick.
Status slot 101 (Poison) is idle.
Status slot 102 (Burn) is idle.
Status slot 103 (Chill) is idle.
Scheduler complete.
