Courier route cycle starts at dawn.
Delivering package 501: Clockwork lens.
Delay source: storm at western gate (4 minutes).
Delivery deadline was 18.
Predicted arrival: 12.
On time. No penalty applied.
Delivery accepted. Payout this stop: 120.
Delivering package 502: Medical herbs.
Delay source: bridge inspection (6 minutes).
Delivery deadline was 11.
Predicted arrival: 25.
Shipment is late by 14 minute(s).
Courier receives no payout for package 502.
Delivering package 503: Ceremonial seals.
Delay source: street festival traffic (2 minutes).
Delivery deadline was 16.
Predicted arrival: 36.
Shipment is late by 20 minute(s).
Courier receives no payout for package 503.
Delivering package 504: Encrypted letters.
Delay source: river ferry delay (5 minutes).
Delivery deadline was 30.
Predicted arrival: 53.
Shipment is late by 23 minute(s).
Courier receives no payout for package 504.
Delivering package 505: Refined ore.
Delay source: night watch checkpoint (1 minutes).
Delivery deadline was 24.
Predicted arrival: 65.
Shipment is late by 41 minute(s).
Courier receives no payout for package 505.
Dispatch log complete.
Courier end-of-day ledger:
Total elapsed dispatch time: 67
Gross scheduled reward: 600
Late penalties: 857
Net payout: 120
On-time deliveries: 1
Late deliveries: 4
Failed payout deliveries: 4
Reliability points: 0
Courier performance: Unreliable
