Investigation begins at midnight.
Gathered E-01 --
Mud-caked boot print at the vault entrance.
Gathered E-02 --
Second set of identical prints beside the records room.
Deduction unlocked: a single intruder used the same boots through the front and records routes.
Gathered E-03 --
Ledger page showing a guard shift mismatch.
Gathered E-04 --
Unsigned override token request from the south door.
Deduction unlocked: guard-shift paperwork was altered during the intrusion window.
Gathered E-05 --
Dock manifest stamped with an internal clerk signature.
Deduction unlocked: route manifest leaked from internal logistics.
Gathered E-06 --
Intercepted note naming Maren as the gate opener.
Deduction unlocked: internal helper opened the gate with duplicated authorization.
Deduction unlocked: complete evidence chain forms a single responsible actor.
Unlocked deductions: 5
Chain status --
Boot-chain match established.
Guard-window issue identified.
Route leak identified.
Inside support identified.
Complete chain established.
Final conclusion --
Deduction outcome: Maren the gate supervisor orchestrated the heist in concert with dock logistics.
