Orphanage care schedule begins.
Round: Morning
Caregiver Elara tends Ivo. Need 6, budget 8.
Full care delivered.
Caregiver Tomas tends Mina. Need 7, budget 6.
Partial care delivered.
Caregiver Nia tends Lark. Need 5, budget 5.
Full care delivered.
Missed care: Puck had no caregiver this round.
Ivo | health 11 | morale 9 | missed 0
Lark | health 10 | morale 10 | missed 0
Mina | health 10 | morale 6 | missed 0
Puck | health 5 | morale 4 | missed 1
Round: Midday
Caregiver Elara tends Mina. Need 7, budget 8.
Full care delivered.
Caregiver Tomas tends Puck. Need 4, budget 5.
Full care delivered.
Caregiver Nia tends Lark. Need 5, budget 3.
Care demand exceeds current capacity.
Missed care: Ivo had no caregiver this round.
Ivo | health 9 | morale 6 | missed 1
Lark | health 9 | morale 8 | missed 1
Mina | health 12 | morale 7 | missed 0
Puck | health 7 | morale 5 | missed 1
Round: Night
Caregiver Elara tends Ivo. Need 6, budget 6.
Full care delivered.
Caregiver Tomas tends Mina. Need 7, budget 4.
Care demand exceeds current capacity.
Caregiver Nia tends Puck. Need 4, budget 4.
Full care delivered.
Missed care: Lark had no caregiver this round.
Repeated miss causes extra health strain for Lark.
Ivo | health 11 | morale 7 | missed 1
Lark | health 6 | morale 5 | missed 2
Mina | health 11 | morale 5 | missed 1
Puck | health 9 | morale 7 | missed 1
All care rounds completed.
Orphanage schedule summary.
Missed rounds: 3
Under-care events: 2
Escalation events: 1
Elara | assignments 3 | stamina 3 | morale 11
Tomas | assignments 3 | stamina 2 | morale 7
Nia | assignments 3 | stamina 1 | morale 10
Average child health: 9
Average child morale: 6
Critical children: 0
Outcome: care schedule holds but child needs outpace staffing.
