Current skill points available: 3
initial --
Budget: 3 / 3
[open] blade - Blade Core
[closed] surge - Surge Strike
[closed] whirl - Whirlblade
[closed] finale - Blazing Finale
Blazing Finale is locked by prerequisite Whirlblade.
Gained 1 training points. Total available: 4.
Surge Strike unlocked.
Remaining points: 2.
Whirlblade unlocked.
Remaining points: 0.
Not enough points for Blazing Finale. Requires 2, remaining 0.
Gained 3 training points. Total available: 3.
after training --
Budget: 3 / 7
[open] blade - Blade Core
[open] surge - Surge Strike
[open] whirl - Whirlblade
[closed] finale - Blazing Finale
Blazing Finale unlocked.
Remaining points: 1.
final --
Budget: 1 / 7
[open] blade - Blade Core
[open] surge - Surge Strike
[open] whirl - Whirlblade
[open] finale - Blazing Finale
