Festival contest scoring run.
Score cards prepared.
Contest score summaries with category totals.
Contestant Lina Wren: place 2
Category score: 124
Audience bonus: 14
Final total: 138
Award: Silver
Contestant Davos Kettle: place 4
Category score: 123
Audience bonus: 10
Final total: 133
Award: Honorable Mention
Contestant Mira Quill: place 1
Category score: 126
Audience bonus: 14
Final total: 140
Award: Gold
Contestant Kori Bell: place 3
Category score: 123
Audience bonus: 13
Final total: 136
Award: Bronze
Judging summary:
Audience mood: 79
Gold awards: 1
Silver awards: 1
Bronze awards: 1
Honorable mentions: 1
Awards assigned to unique podium positions.
Final crowd reaction: Supportive
